../Core/Src/rc522.c:9:9:RC522_SPI_Transfer	32	static
../Core/Src/rc522.c:23:6:Write_MFRC522	16	static
../Core/Src/rc522.c:47:9:Read_MFRC522	24	static
../Core/Src/rc522.c:76:6:SetBitMask	24	static
../Core/Src/rc522.c:89:6:ClearBitMask	24	static
../Core/Src/rc522.c:102:6:AntennaOn	8	static
../Core/Src/rc522.c:115:6:AntennaOff	8	static
../Core/Src/rc522.c:126:6:MFRC522_Reset	8	static
../Core/Src/rc522.c:137:6:MFRC522_Init	8	static
../Core/Src/rc522.c:165:9:MFRC522_ToCard	40	static
../Core/Src/rc522.c:288:9:MFRC522_Request	32	static
../Core/Src/rc522.c:306:6:MFRC522_StopCrypto1	8	static
../Core/Src/rc522.c:317:9:MFRC522_Anticoll	32	static
../Core/Src/rc522.c:352:6:CalulateCRC	40	static
../Core/Src/rc522.c:386:9:MFRC522_SelectTag	40	static
../Core/Src/rc522.c:428:9:MFRC522_Auth	48	static
../Core/Src/rc522.c:462:9:MFRC522_Read	32	static
../Core/Src/rc522.c:486:9:MFRC522_Write	48	static
../Core/Src/rc522.c:527:6:MFRC522_Halt	24	static
