Archive member included to satisfy reference by file (symbol)

/Applications/STM32CubeIDE.app/Contents/Eclipse/plugins/com.st.stm32cube.ide.mcu.externaltools.gnu-tools-for-stm32.12.3.rel1.macos64_1.0.200.202406191456/tools/bin/../lib/gcc/arm-none-eabi/12.3.1/../../../../arm-none-eabi/lib/thumb/v7e-m+dp/hard/libc_nano.a(libc_a-exit.o)
                              /Applications/STM32CubeIDE.app/Contents/Eclipse/plugins/com.st.stm32cube.ide.mcu.externaltools.gnu-tools-for-stm32.12.3.rel1.macos64_1.0.200.202406191456/tools/bin/../lib/gcc/arm-none-eabi/12.3.1/../../../../arm-none-eabi/lib/thumb/v7e-m+dp/hard/crt0.o (exit)
/Applications/STM32CubeIDE.app/Contents/Eclipse/plugins/com.st.stm32cube.ide.mcu.externaltools.gnu-tools-for-stm32.12.3.rel1.macos64_1.0.200.202406191456/tools/bin/../lib/gcc/arm-none-eabi/12.3.1/../../../../arm-none-eabi/lib/thumb/v7e-m+dp/hard/libc_nano.a(libc_a-qsort.o)
                              ./Drivers/ILI9341/poker.o (qsort)
/Applications/STM32CubeIDE.app/Contents/Eclipse/plugins/com.st.stm32cube.ide.mcu.externaltools.gnu-tools-for-stm32.12.3.rel1.macos64_1.0.200.202406191456/tools/bin/../lib/gcc/arm-none-eabi/12.3.1/../../../../arm-none-eabi/lib/thumb/v7e-m+dp/hard/libc_nano.a(libc_a-nano-vfprintf_float.o)
                              (_printf_float)
/Applications/STM32CubeIDE.app/Contents/Eclipse/plugins/com.st.stm32cube.ide.mcu.externaltools.gnu-tools-for-stm32.12.3.rel1.macos64_1.0.200.202406191456/tools/bin/../lib/gcc/arm-none-eabi/12.3.1/../../../../arm-none-eabi/lib/thumb/v7e-m+dp/hard/libc_nano.a(libc_a-malloc.o)
                              ./Drivers/ILI9341/rfid.o (malloc)
/Applications/STM32CubeIDE.app/Contents/Eclipse/plugins/com.st.stm32cube.ide.mcu.externaltools.gnu-tools-for-stm32.12.3.rel1.macos64_1.0.200.202406191456/tools/bin/../lib/gcc/arm-none-eabi/12.3.1/../../../../arm-none-eabi/lib/thumb/v7e-m+dp/hard/libc_nano.a(libc_a-mallocr.o)
                              /Applications/STM32CubeIDE.app/Contents/Eclipse/plugins/com.st.stm32cube.ide.mcu.externaltools.gnu-tools-for-stm32.12.3.rel1.macos64_1.0.200.202406191456/tools/bin/../lib/gcc/arm-none-eabi/12.3.1/../../../../arm-none-eabi/lib/thumb/v7e-m+dp/hard/libc_nano.a(libc_a-malloc.o) (_malloc_r)
/Applications/STM32CubeIDE.app/Contents/Eclipse/plugins/com.st.stm32cube.ide.mcu.externaltools.gnu-tools-for-stm32.12.3.rel1.macos64_1.0.200.202406191456/tools/bin/../lib/gcc/arm-none-eabi/12.3.1/../../../../arm-none-eabi/lib/thumb/v7e-m+dp/hard/libc_nano.a(libc_a-nano-vfprintf_i.o)
                              /Applications/STM32CubeIDE.app/Contents/Eclipse/plugins/com.st.stm32cube.ide.mcu.externaltools.gnu-tools-for-stm32.12.3.rel1.macos64_1.0.200.202406191456/tools/bin/../lib/gcc/arm-none-eabi/12.3.1/../../../../arm-none-eabi/lib/thumb/v7e-m+dp/hard/libc_nano.a(libc_a-nano-vfprintf_float.o) (_printf_common)
/Applications/STM32CubeIDE.app/Contents/Eclipse/plugins/com.st.stm32cube.ide.mcu.externaltools.gnu-tools-for-stm32.12.3.rel1.macos64_1.0.200.202406191456/tools/bin/../lib/gcc/arm-none-eabi/12.3.1/../../../../arm-none-eabi/lib/thumb/v7e-m+dp/hard/libc_nano.a(libc_a-nano-vfscanf_float.o)
                              (_scanf_float)
/Applications/STM32CubeIDE.app/Contents/Eclipse/plugins/com.st.stm32cube.ide.mcu.externaltools.gnu-tools-for-stm32.12.3.rel1.macos64_1.0.200.202406191456/tools/bin/../lib/gcc/arm-none-eabi/12.3.1/../../../../arm-none-eabi/lib/thumb/v7e-m+dp/hard/libc_nano.a(libc_a-snprintf.o)
                              ./Drivers/ILI9341/rfid.o (snprintf)
/Applications/STM32CubeIDE.app/Contents/Eclipse/plugins/com.st.stm32cube.ide.mcu.externaltools.gnu-tools-for-stm32.12.3.rel1.macos64_1.0.200.202406191456/tools/bin/../lib/gcc/arm-none-eabi/12.3.1/../../../../arm-none-eabi/lib/thumb/v7e-m+dp/hard/libc_nano.a(libc_a-mlock.o)
                              /Applications/STM32CubeIDE.app/Contents/Eclipse/plugins/com.st.stm32cube.ide.mcu.externaltools.gnu-tools-for-stm32.12.3.rel1.macos64_1.0.200.202406191456/tools/bin/../lib/gcc/arm-none-eabi/12.3.1/../../../../arm-none-eabi/lib/thumb/v7e-m+dp/hard/libc_nano.a(libc_a-mallocr.o) (__malloc_lock)
/Applications/STM32CubeIDE.app/Contents/Eclipse/plugins/com.st.stm32cube.ide.mcu.externaltools.gnu-tools-for-stm32.12.3.rel1.macos64_1.0.200.202406191456/tools/bin/../lib/gcc/arm-none-eabi/12.3.1/../../../../arm-none-eabi/lib/thumb/v7e-m+dp/hard/libc_nano.a(libc_a-sprintf.o)
                              ./Core/Src/main.o (sprintf)
/Applications/STM32CubeIDE.app/Contents/Eclipse/plugins/com.st.stm32cube.ide.mcu.externaltools.gnu-tools-for-stm32.12.3.rel1.macos64_1.0.200.202406191456/tools/bin/../lib/gcc/arm-none-eabi/12.3.1/../../../../arm-none-eabi/lib/thumb/v7e-m+dp/hard/libc_nano.a(libc_a-rand.o)
                              ./Core/Src/main.o (srand)
[...]
Memory Configuration

Name             Origin             Length             Attributes
RAM              0x20000000         0x00080000         xrw
FLASH            0x08000000         0x00200000         xr
*default*        0x00000000         0xffffffff

Linker script and memory map

LOAD /Applications/STM32CubeIDE.app/Contents/Eclipse/plugins/com.st.stm32cube.ide.mcu.externaltools.gnu-tools-for-stm32.12.3.rel1.macos64_1.0.200.202406191456/tools/bin/../lib/gcc/arm-none-eabi/12.3.1/thumb/v7e-m+dp/hard/crti.o
LOAD /Applications/STM32CubeIDE.app/Contents/Eclipse/plugins/com.st.stm32cube.ide.mcu.externaltools.gnu-tools-for-stm32.12.3.rel1.macos64_1.0.200.202406191456/tools/bin/../lib/gcc/arm-none-eabi/12.3.1/thumb/v7e-m+dp/hard/crtbegin.o
LOAD /Applications/STM32CubeIDE.app/Contents/Eclipse/plugins/com.st.stm32cube.ide.mcu.externaltools.gnu-tools-for-stm32.12.3.rel1.macos64_1.0.200.202406191456/tools/bin/../lib/gcc/arm-none-eabi/12.3.1/../../../../arm-none-eabi/lib/thumb/v7e-m+dp/hard/crt0.o
LOAD ./Core/Src/adc.o
LOAD ./Core/Src/gpio.o
LOAD ./Core/Src/i2c.o
LOAD ./Core/Src/main.o
LOAD ./Core/Src/rc522.o
LOAD ./Core/Src/rng.o
LOAD ./Core/Src/spi.o
LOAD ./Core/Src/stm32f7xx_hal_msp.o
LOAD ./Core/Src/stm32f7xx_it.o
LOAD ./Core/Src/syscalls.o
LOAD ./Core/Src/sysmem.o
LOAD ./Core/Src/system_stm32f7xx.o
LOAD ./Core/Src/tim.o
LOAD ./Core/Src/usart.o
LOAD ./Core/Startup/startup_stm32f767zitx.o
LOAD ./Drivers/ILI9341/ILI9341_GFX.o
LOAD ./Drivers/ILI9341/ILI9341_STM32_Driver.o
LOAD ./Drivers/ILI9341/ILI9341_Touchscreen.o
LOAD ./Drivers/ILI9341/draw_poker.o
LOAD ./Drivers/ILI9341/joystick.o
LOAD ./Drivers/ILI9341/poker.o
LOAD ./Drivers/ILI9341/rfid.o
LOAD ./Drivers/STM32F7xx_HAL_Driver/Src/stm32f7xx_hal.o
LOAD ./Drivers/STM32F7xx_HAL_Driver/Src/stm32f7xx_hal_adc.o
LOAD ./Drivers/STM32F7xx_HAL_Driver/Src/stm32f7xx_hal_adc_ex.o
LOAD ./Drivers/STM32F7xx_HAL_Driver/Src/stm32f7xx_hal_cortex.o
LOAD ./Drivers/STM32F7xx_HAL_Driver/Src/stm32f7xx_hal_dma.o
LOAD ./Drivers/STM32F7xx_HAL_Driver/Src/stm32f7xx_hal_dma_ex.o
LOAD ./Drivers/STM32F7xx_HAL_Driver/Src/stm32f7xx_hal_exti.o
LOAD ./Drivers/STM32F7xx_HAL_Driver/Src/stm32f7xx_hal_flash.o
LOAD ./Drivers/STM32F7xx_HAL_Driver/Src/stm32f7xx_hal_flash_ex.o
LOAD ./Drivers/STM32F7xx_HAL_Driver/Src/stm32f7xx_hal_gpio.o
LOAD ./Drivers/STM32F7xx_HAL_Driver/Src/stm32f7xx_hal_i2c.o
LOAD ./Drivers/STM32F7xx_HAL_Driver/Src/stm32f7xx_hal_i2c_ex.o
LOAD ./Drivers/STM32F7xx_HAL_Driver/Src/stm32f7xx_hal_pwr.o
LOAD ./Drivers/STM32F7xx_HAL_Driver/Src/stm32f7xx_hal_pwr_ex.o
LOAD ./Drivers/STM32F7xx_HAL_Driver/Src/stm32f7xx_hal_rcc.o
LOAD ./Drivers/STM32F7xx_HAL_Driver/Src/stm32f7xx_hal_rcc_ex.o
LOAD ./Drivers/STM32F7xx_HAL_Driver/Src/stm32f7xx_hal_rng.o
LOAD ./Drivers/STM32F7xx_HAL_Driver/Src/stm32f7xx_hal_spi.o
LOAD ./Drivers/STM32F7xx_HAL_Driver/Src/stm32f7xx_hal_spi_ex.o
LOAD ./Drivers/STM32F7xx_HAL_Driver/Src/stm32f7xx_hal_tim.o
LOAD ./Drivers/STM32F7xx_HAL_Driver/Src/stm32f7xx_hal_tim_ex.o
LOAD ./Drivers/STM32F7xx_HAL_Driver/Src/stm32f7xx_hal_uart.o
LOAD ./Drivers/STM32F7xx_HAL_Driver/Src/stm32f7xx_hal_uart_ex.o
START GROUP
LOAD /Applications/STM32CubeIDE.app/Contents/Eclipse/plugins/com.st.stm32cube.ide.mcu.externaltools.gnu-tools-for-stm32.12.3.rel1.macos64_1.0.200.202406191456/tools/bin/../lib/gcc/arm-none-eabi/12.3.1/../../../../arm-none-eabi/lib/thumb/v7e-m+dp/hard/libc_nano.a
LOAD /Applications/STM32CubeIDE.app/Contents/Eclipse/plugins/com.st.stm32cube.ide.mcu.externaltools.gnu-tools-for-stm32.12.3.rel1.macos64_1.0.200.202406191456/tools/bin/../lib/gcc/arm-none-eabi/12.3.1/../../../../arm-none-eabi/lib/thumb/v7e-m+dp/hard/libm.a
END GROUP
START GROUP
LOAD /Applications/STM32CubeIDE.app/Contents/Eclipse/plugins/com.st.stm32cube.ide.mcu.externaltools.gnu-tools-for-stm32.12.3.rel1.macos64_1.0.200.202406191456/tools/bin/../lib/gcc/arm-none-eabi/12.3.1/thumb/v7e-m+dp/hard/libgcc.a
LOAD /Applications/STM32CubeIDE.app/Contents/Eclipse/plugins/com.st.stm32cube.ide.mcu.externaltools.gnu-tools-for-stm32.12.3.rel1.macos64_1.0.200.202406191456/tools/bin/../lib/gcc/arm-none-eabi/12.3.1/../../../../arm-none-eabi/lib/thumb/v7e-m+dp/hard/libc_nano.a
END GROUP
START GROUP
LOAD /Applications/STM32CubeIDE.app/Contents/Eclipse/plugins/com.st.stm32cube.ide.mcu.externaltools.gnu-tools-for-stm32.12.3.rel1.macos64_1.0.200.202406191456/tools/bin/../lib/gcc/arm-none-eabi/12.3.1/thumb/v7e-m+dp/hard/libgcc.a
LOAD /Applications/STM32CubeIDE.app/Contents/Eclipse/plugins/com.st.stm32cube.ide.mcu.externaltools.gnu-tools-for-stm32.12.3.rel1.macos64_1.0.200.202406191456/tools/bin/../lib/gcc/arm-none-eabi/12.3.1/../../../../arm-none-eabi/lib/thumb/v7e-m+dp/hard/libc_nano.a
LOAD /Applications/STM32CubeIDE.app/Contents/Eclipse/plugins/com.st.stm32cube.ide.mcu.externaltools.gnu-tools-for-stm32.12.3.rel1.macos64_1.0.200.202406191456/tools/bin/../lib/gcc/arm-none-eabi/12.3.1/../../../../arm-none-eabi/lib/thumb/v7e-m+dp/hard/libnosys.a
END GROUP
START GROUP
LOAD /Applications/STM32CubeIDE.app/Contents/Eclipse/plugins/com.st.stm32cube.ide.mcu.externaltools.gnu-tools-for-stm32.12.3.rel1.macos64_1.0.200.202406191456/tools/bin/../lib/gcc/arm-none-eabi/12.3.1/thumb/v7e-m+dp/hard/libgcc.a
LOAD /Applications/STM32CubeIDE.app/Contents/Eclipse/plugins/com.st.stm32cube.ide.mcu.externaltools.gnu-tools-for-stm32.12.3.rel1.macos64_1.0.200.202406191456/tools/bin/../lib/gcc/arm-none-eabi/12.3.1/../../../../arm-none-eabi/lib/thumb/v7e-m+dp/hard/libc_nano.a
LOAD /Applications/STM32CubeIDE.app/Contents/Eclipse/plugins/com.st.stm32cube.ide.mcu.externaltools.gnu-tools-for-stm32.12.3.rel1.macos64_1.0.200.202406191456/tools/bin/../lib/gcc/arm-none-eabi/12.3.1/../../../../arm-none-eabi/lib/thumb/v7e-m+dp/hard/libnosys.a
END GROUP
LOAD /Applications/STM32CubeIDE.app/Contents/Eclipse/plugins/com.st.stm32cube.ide.mcu.externaltools.gnu-tools-for-stm32.12.3.rel1.macos64_1.0.200.202406191456/tools/bin/../lib/gcc/arm-none-eabi/12.3.1/thumb/v7e-m+dp/hard/crtend.o
LOAD /Applications/STM32CubeIDE.app/Contents/Eclipse/plugins/com.st.stm32cube.ide.mcu.externaltools.gnu-tools-for-stm32.12.3.rel1.macos64_1.0.200.202406191456/tools/bin/../lib/gcc/arm-none-eabi/12.3.1/thumb/v7e-m+dp/hard/crtn.o
                0x20080000                        _estack = (ORIGIN (RAM) + LENGTH (RAM))
                0x00000200                        _Min_Heap_Size = 0x200
                0x00000400                        _Min_Stack_Size = 0x400

.isr_vector     0x08000000      0x1f8
                0x08000000                        . = ALIGN (0x4)
 *(.isr_vector)
 .isr_vector    0x08000000      0x1f8 ./Core/Startup/startup_stm32f767zitx.o
                0x08000000                g_pfnVectors
                0x080001f8                        . = ALIGN (0x4)

.text           0x08000200     0xf7c8
                0x08000200                        . = ALIGN (0x4)
 *(.text)
 .text          0x08000200       0x40 /Applications/STM32CubeIDE.app/Contents/Eclipse/plugins/com.st.stm32cube.ide.mcu.externaltools.gnu-tools-for-stm32.12.3.rel1.macos64_1.0.200.202406191456/tools/bin/../lib/gcc/arm-none-eabi/12.3.1/thumb/v7e-m+dp/hard/crtbegin.o
 .text          0x08000240       0xa0 /Applications/STM32CubeIDE.app/Contents/Eclipse/plugins/com.st.stm32cube.ide.mcu.externaltools.gnu-tools-for-stm32.12.3.rel1.macos64_1.0.200.202406191456/tools/bin/../lib/gcc/arm-none-eabi/12.3.1/../../../../arm-none-eabi/lib/thumb/v7e-m+dp/hard/libc_nano.a(libc_a-memchr.o)
                0x08000240                memchr
 .text          0x080002e0       0x10 /Applications/STM32CubeIDE.app/Contents/Eclipse/plugins/com.st.stm32cube.ide.mcu.externaltools.gnu-tools-for-stm32.12.3.rel1.macos64_1.0.200.202406191456/tools/bin/../lib/gcc/arm-none-eabi/12.3.1/../../../../arm-none-eabi/lib/thumb/v7e-m+dp/hard/libc_nano.a(libc_a-strlen.o)
                0x080002e0                strlen
 .text          0x080002f0       0x14 /Applications/STM32CubeIDE.app/Contents/Eclipse/plugins/com.st.stm32cube.ide.mcu.externaltools.gnu-tools-for-stm32.12.3.rel1.macos64_1.0.200.202406191456/tools/bin/../lib/gcc/arm-none-eabi/12.3.1/../../../../arm-none-eabi/lib/thumb/v7e-m+dp/hard/libc_nano.a(libc_a-strcmp.o)
                0x080002f0                strcmp
 .text          0x08000304      0x378 /Applications/STM32CubeIDE.app/Contents/Eclipse/plugins/com.st.stm32cube.ide.mcu.externaltools.gnu-tools-for-stm32.12.3.rel1.macos64_1.0.200.202406191456/tools/bin/../lib/gcc/arm-none-eabi/12.3.1/thumb/v7e-m+dp/hard/libgcc.a(_arm_addsubdf3.o)
                0x08000304                __aeabi_drsub
                0x0800030c                __subdf3
                0x0800030c                __aeabi_dsub
                0x08000310                __aeabi_dadd
                0x08000310                __adddf3
                0x08000588                __aeabi_ui2d
                0x08000588                __floatunsidf
                0x080005a8                __floatsidf
                0x080005a8                __aeabi_i2d
                0x080005cc                __extendsfdf2
                0x080005cc                __aeabi_f2d
                0x08000610                __aeabi_ul2d
                0x08000610                __floatundidf
                0x08000620                __aeabi_l2d
                0x08000620                __floatdidf
 .text          0x0800067c       0x30 /Applications/STM32CubeIDE.app/Contents/Eclipse/plugins/com.st.stm32cube.ide.mcu.externaltools.gnu-tools-for-stm32.12.3.rel1.macos64_1.0.200.202406191456/tools/bin/../lib/gcc/arm-none-eabi/12.3.1/thumb/v7e-m+dp/hard/libgcc.a(_aeabi_uldivmod.o)
                0x0800067c                __aeabi_uldivmod
 .text          0x080006ac       0x30 /Applications/STM32CubeIDE.app/Contents/Eclipse/plugins/com.st.stm32cube.ide.mcu.externaltools.gnu-tools-for-stm32.12.3.rel1.macos64_1.0.200.202406191456/tools/bin/../lib/gcc/arm-none-eabi/12.3.1/thumb/v7e-m+dp/hard/libgcc.a(_fixdfdi.o)
                0x080006ac                __aeabi_d2lz
                0x080006ac                __fixdfdi
 *fill*         0x080006dc        0x4 
 .text          0x080006e0       0x40 /Applications/STM32CubeIDE.app/Contents/Eclipse/plugins/com.st.stm32cube.ide.mcu.externaltools.gnu-tools-for-stm32.12.3.rel1.macos64_1.0.200.202406191456/tools/bin/../lib/gcc/arm-none-eabi/12.3.1/thumb/v7e-m+dp/hard/libgcc.a(_fixunsdfdi.o)
                0x080006e0                __aeabi_d2ulz
                0x080006e0                __fixunsdfdi
 .text          0x08000720      0x2bc /Applications/STM32CubeIDE.app/Contents/Eclipse/plugins/com.st.stm32cube.ide.mcu.externaltools.gnu-tools-for-stm32.12.3.rel1.macos64_1.0.200.202406191456/tools/bin/../lib/gcc/arm-none-eabi/12.3.1/thumb/v7e-m+dp/hard/libgcc.a(_udivmoddi4.o)
                0x08000720                __udivmoddi4
 .text          0x080009dc        0x4 /Applications/STM32CubeIDE.app/Contents/Eclipse/plugins/com.st.stm32cube.ide.mcu.externaltools.gnu-tools-for-stm32.12.3.rel1.macos64_1.0.200.202406191456/tools/bin/../lib/gcc/arm-none-eabi/12.3.1/thumb/v7e-m+dp/hard/libgcc.a(_dvmd_tls.o)
                0x080009dc                __aeabi_ldiv0
                0x080009dc                __aeabi_idiv0
 *(.text*)
 .text.MX_ADC1_Init
                0x080009e0       0xa4 ./Core/Src/adc.o
                0x080009e0                MX_ADC1_Init
 .text.MX_ADC2_Init
                0x08000a84       0xa4 ./Core/Src/adc.o
                0x08000a84                MX_ADC2_Init
 .text.MX_ADC3_Init
                0x08000b28       0xa4 ./Core/Src/adc.o
                0x08000b28                MX_ADC3_Init
 .text.HAL_ADC_MspInit
                0x08000bcc      0x130 ./Core/Src/adc.o
                0x08000bcc                HAL_ADC_MspInit
 .text.MX_GPIO_Init
                0x08000cfc      0x338 ./Core/Src/gpio.o
                0x08000cfc                MX_GPIO_Init
 .text.SCB_EnableICache
                0x08001034       0x4c ./Core/Src/main.o
 .text.SCB_EnableDCache
                0x08001080       0x88 ./Core/Src/main.o
 .text.main     0x08001108       0xec ./Core/Src/main.o
                0x08001108                main
 .text.SystemClock_Config
                0x080011f4       0xe0 ./Core/Src/main.o
                0x080011f4                SystemClock_Config
 .text.display_start_page
                0x080012d4      0x278 ./Core/Src/main.o
                0x080012d4                display_start_page
 .text.ft_printf
                0x0800154c       0x3c ./Core/Src/main.o
                0x0800154c                ft_printf
 .text.Error_Handler
                0x08001588        0x8 ./Core/Src/main.o
                0x08001588                Error_Handler
 .text.RC522_SPI_Transfer
                0x08001590       0x2c ./Core/Src/rc522.o
                0x08001590                RC522_SPI_Transfer
 .text.Write_MFRC522
                0x080015bc       0x4c ./Core/Src/rc522.o
                0x080015bc                Write_MFRC522
 .text.Read_MFRC522
                0x08001608       0x50 ./Core/Src/rc522.o
                0x08001608                Read_MFRC522
 .text.SetBitMask
                0x08001658       0x36 ./Core/Src/rc522.o
                0x08001658                SetBitMask
 .text.ClearBitMask
                0x0800168e       0x40 ./Core/Src/rc522.o
                0x0800168e                ClearBitMask
 .text.AntennaOn
                0x080016ce       0x16 ./Core/Src/rc522.o
                0x080016ce                AntennaOn
 .text.MFRC522_Reset
                0x080016e4       0x10 ./Core/Src/rc522.o
                0x080016e4                MFRC522_Reset
 .text.MFRC522_Init
                0x080016f4       0x5c ./Core/Src/rc522.o
                0x080016f4                MFRC522_Init
 .text.MFRC522_ToCard
                0x08001750      0x19e ./Core/Src/rc522.o
                0x08001750                MFRC522_ToCard
 .text.MFRC522_Request
                0x080018ee       0x4a ./Core/Src/rc522.o
                0x080018ee                MFRC522_Request
 .text.MFRC522_Anticoll
                0x08001938       0x7a ./Core/Src/rc522.o
                0x08001938                MFRC522_Anticoll
 .text.CalulateCRC
                0x080019b2       0x92 ./Core/Src/rc522.o
                0x080019b2                CalulateCRC
 .text.MFRC522_Read
                0x08001a44       0x58 ./Core/Src/rc522.o
                0x08001a44                MFRC522_Read
 .text.MFRC522_Halt
                0x08001a9c       0x36 ./Core/Src/rc522.o
                0x08001a9c                MFRC522_Halt
 *fill*         0x08001ad2        0x2 
 .text.MX_RNG_Init
                0x08001ad4       0x28 ./Core/Src/rng.o
                0x08001ad4                MX_RNG_Init
 .text.HAL_RNG_MspInit
                0x08001afc       0x68 ./Core/Src/rng.o
                0x08001afc                HAL_RNG_MspInit
 .text.MX_SPI1_Init
                0x08001b64       0x7c ./Core/Src/spi.o
                0x08001b64                MX_SPI1_Init
 .text.MX_SPI5_Init
                0x08001be0       0x7c ./Core/Src/spi.o
                0x08001be0                MX_SPI5_Init
 .text.HAL_SPI_MspInit
                0x08001c5c      0x168 ./Core/Src/spi.o
                0x08001c5c                HAL_SPI_MspInit
 .text.HAL_MspInit
                0x08001dc4       0x48 ./Core/Src/stm32f7xx_hal_msp.o
                0x08001dc4                HAL_MspInit
 .text.SysTick_Handler
                0x08001e0c        0xc ./Core/Src/stm32f7xx_it.o
                0x08001e0c                SysTick_Handler
 .text.TIM2_IRQHandler
                0x08001e18       0x30 ./Core/Src/stm32f7xx_it.o
                0x08001e18                TIM2_IRQHandler
 .text._getpid  0x08001e48       0x10 ./Core/Src/syscalls.o
                0x08001e48                _getpid
 .text._kill    0x08001e58       0x20 ./Core/Src/syscalls.o
                0x08001e58                _kill
 .text._exit    0x08001e78       0x16 ./Core/Src/syscalls.o
                0x08001e78                _exit
 .text._read    0x08001e8e       0x3a ./Core/Src/syscalls.o
                0x08001e8e                _read
 .text._write   0x08001ec8       0x38 ./Core/Src/syscalls.o
                0x08001ec8                _write
 .text._close   0x08001f00       0x18 ./Core/Src/syscalls.o
                0x08001f00                _close
 .text._fstat   0x08001f18       0x20 ./Core/Src/syscalls.o
                0x08001f18                _fstat
 .text._isatty  0x08001f38       0x16 ./Core/Src/syscalls.o
                0x08001f38                _isatty
 .text._lseek   0x08001f4e       0x1a ./Core/Src/syscalls.o
                0x08001f4e                _lseek
 .text._sbrk    0x08001f68       0x6c ./Core/Src/sysmem.o
                0x08001f68                _sbrk
 .text.SystemInit
                0x08001fd4       0x6c ./Core/Src/system_stm32f7xx.o
                0x08001fd4                SystemInit
 .text.MX_TIM1_Init
                0x08002040       0xa8 ./Core/Src/tim.o
                0x08002040                MX_TIM1_Init
 .text.MX_TIM2_Init
                0x080020e8       0xf0 ./Core/Src/tim.o
                0x080020e8                MX_TIM2_Init
 .text.MX_TIM3_Init
                0x080021d8       0xb4 ./Core/Src/tim.o
                0x080021d8                MX_TIM3_Init
 .text.HAL_TIM_Base_MspInit
                0x0800228c       0x70 ./Core/Src/tim.o
                0x0800228c                HAL_TIM_Base_MspInit
 .text.HAL_TIM_PWM_MspInit
                0x080022fc       0x40 ./Core/Src/tim.o
                0x080022fc                HAL_TIM_PWM_MspInit
 .text.HAL_TIM_MspPostInit
                0x0800233c       0xb4 ./Core/Src/tim.o
                0x0800233c                HAL_TIM_MspPostInit
 .text.MX_USART3_UART_Init
                0x080023f0       0x60 ./Core/Src/usart.o
                0x080023f0                MX_USART3_UART_Init
 .text.HAL_UART_MspInit
                0x08002450       0xc0 ./Core/Src/usart.o
                0x08002450                HAL_UART_MspInit
 .text.Reset_Handler
                0x08002510       0x50 ./Core/Startup/startup_stm32f767zitx.o
                0x08002510                Reset_Handler
 .text.Default_Handler
                0x08002560        0x2 ./Core/Startup/startup_stm32f767zitx.o
                0x08002560                DMA1_Stream3_IRQHandler
                0x08002560                EXTI2_IRQHandler
                0x08002560                TIM8_CC_IRQHandler
                0x08002560                DebugMon_Handler
                0x08002560                UART8_IRQHandler
                0x08002560                SPI4_IRQHandler
                0x08002560                TIM1_CC_IRQHandler
                0x08002560                DMA2_Stream5_IRQHandler
                0x08002560                HardFault_Handler
                0x08002560                JPEG_IRQHandler
                0x08002560                DMA1_Stream5_IRQHandler
                0x08002560                CAN3_RX1_IRQHandler
                0x08002560                PVD_IRQHandler
                0x08002560                TAMP_STAMP_IRQHandler
                0x08002560                PendSV_Handler
                0x08002560                NMI_Handler
                0x08002560                CAN2_RX1_IRQHandler
                0x08002560                EXTI3_IRQHandler
                0x08002560                TIM8_TRG_COM_TIM14_IRQHandler
                0x08002560                DFSDM1_FLT1_IRQHandler
                0x08002560                TIM1_UP_TIM10_IRQHandler
                0x08002560                TIM8_UP_TIM13_IRQHandler
                0x08002560                I2C3_ER_IRQHandler
                0x08002560                DFSDM1_FLT2_IRQHandler
                0x08002560                EXTI0_IRQHandler
                0x08002560                I2C2_EV_IRQHandler
                0x08002560                DMA1_Stream2_IRQHandler
                0x08002560                CAN1_RX0_IRQHandler
                0x08002560                FPU_IRQHandler
                0x08002560                OTG_HS_WKUP_IRQHandler
                0x08002560                CAN3_SCE_IRQHandler
                0x08002560                UsageFault_Handler
                0x08002560                LTDC_ER_IRQHandler
                0x08002560                CAN2_SCE_IRQHandler
                0x08002560                DMA2_Stream2_IRQHandler
                0x08002560                SPI1_IRQHandler
                0x08002560                TIM6_DAC_IRQHandler
                0x08002560                TIM1_BRK_TIM9_IRQHandler
                0x08002560                DCMI_IRQHandler
                0x08002560                CAN2_RX0_IRQHandler
                0x08002560                DMA2_Stream3_IRQHandler
                0x08002560                SAI2_IRQHandler
                0x08002560                DFSDM1_FLT3_IRQHandler
                0x08002560                USART6_IRQHandler
                0x08002560                CAN3_RX0_IRQHandler
                0x08002560                USART3_IRQHandler
                0x08002560                CAN1_RX1_IRQHandler
                0x08002560                UART5_IRQHandler
                0x08002560                DMA2_Stream0_IRQHandler
                0x08002560                TIM4_IRQHandler
                0x08002560                QUADSPI_IRQHandler
                0x08002560                I2C1_EV_IRQHandler
                0x08002560                DMA1_Stream6_IRQHandler
                0x08002560                DMA1_Stream1_IRQHandler
                0x08002560                UART4_IRQHandler
                0x08002560                TIM3_IRQHandler
                0x08002560                RCC_IRQHandler
                0x08002560                TIM8_BRK_TIM12_IRQHandler
                0x08002560                Default_Handler
                0x08002560                CEC_IRQHandler
                0x08002560                EXTI15_10_IRQHandler
                0x08002560                ADC_IRQHandler
                0x08002560                DMA1_Stream7_IRQHandler
                0x08002560                SPI5_IRQHandler
                0x08002560                TIM7_IRQHandler
                0x08002560                SDMMC1_IRQHandler
                0x08002560                CAN2_TX_IRQHandler
                0x08002560                TIM5_IRQHandler
                0x08002560                DMA2_Stream7_IRQHandler
                0x08002560                I2C3_EV_IRQHandler
                0x08002560                EXTI9_5_IRQHandler
                0x08002560                RTC_WKUP_IRQHandler
                0x08002560                LTDC_IRQHandler
                0x08002560                ETH_WKUP_IRQHandler
                0x08002560                SPDIF_RX_IRQHandler
                0x08002560                SPI2_IRQHandler
                0x08002560                OTG_HS_EP1_IN_IRQHandler
                0x08002560                MemManage_Handler
                0x08002560                DMA1_Stream0_IRQHandler
                0x08002560                CAN1_TX_IRQHandler
                0x08002560                SVC_Handler
                0x08002560                EXTI4_IRQHandler
                0x08002560                RNG_IRQHandler
                0x08002560                ETH_IRQHandler
                0x08002560                OTG_HS_EP1_OUT_IRQHandler
                0x08002560                WWDG_IRQHandler
                0x08002560                SPI6_IRQHandler
                0x08002560                MDIOS_IRQHandler
                0x08002560                I2C4_EV_IRQHandler
                0x08002560                CAN3_TX_IRQHandler
                0x08002560                OTG_FS_WKUP_IRQHandler
                0x08002560                TIM1_TRG_COM_TIM11_IRQHandler
                0x08002560                OTG_HS_IRQHandler
                0x08002560                DMA2D_IRQHandler
                0x08002560                EXTI1_IRQHandler
                0x08002560                SDMMC2_IRQHandler
                0x08002560                UART7_IRQHandler
                0x08002560                USART2_IRQHandler
                0x08002560                DFSDM1_FLT0_IRQHandler
                0x08002560                I2C2_ER_IRQHandler
                0x08002560                DMA2_Stream1_IRQHandler
                0x08002560                CAN1_SCE_IRQHandler
                0x08002560                FLASH_IRQHandler
                0x08002560                DMA2_Stream4_IRQHandler
                0x08002560                BusFault_Handler
                0x08002560                USART1_IRQHandler
                0x08002560                OTG_FS_IRQHandler
                0x08002560                SPI3_IRQHandler
                0x08002560                DMA1_Stream4_IRQHandler
                0x08002560                I2C1_ER_IRQHandler
                0x08002560                FMC_IRQHandler
                0x08002560                LPTIM1_IRQHandler
                0x08002560                I2C4_ER_IRQHandler
                0x08002560                DMA2_Stream6_IRQHandler
                0x08002560                SAI1_IRQHandler
                0x08002560                RTC_Alarm_IRQHandler
 *fill*         0x08002562        0x2 
 .text.ILI9341_Draw_Char
                0x08002564      0x134 ./Drivers/ILI9341/ILI9341_GFX.o
                0x08002564                ILI9341_Draw_Char
 .text.ILI9341_Draw_Text
                0x08002698       0x5e ./Drivers/ILI9341/ILI9341_GFX.o
                0x08002698                ILI9341_Draw_Text
 *fill*         0x080026f6        0x2 
 .text.ILI9341_SPI_Init
                0x080026f8       0x58 ./Drivers/ILI9341/ILI9341_STM32_Driver.o
                0x080026f8                ILI9341_SPI_Init
 .text.ILI9341_SPI_Send
                0x08002750       0x24 ./Drivers/ILI9341/ILI9341_STM32_Driver.o
                0x08002750                ILI9341_SPI_Send
 .text.ILI9341_Write_Command
                0x08002774       0x44 ./Drivers/ILI9341/ILI9341_STM32_Driver.o
                0x08002774                ILI9341_Write_Command
 .text.ILI9341_Write_Data
                0x080027b8       0x44 ./Drivers/ILI9341/ILI9341_STM32_Driver.o
                0x080027b8                ILI9341_Write_Data
 .text.ILI9341_Set_Address
                0x080027fc       0x98 ./Drivers/ILI9341/ILI9341_STM32_Driver.o
                0x080027fc                ILI9341_Set_Address
 .text.ILI9341_Reset
                0x08002894       0x74 ./Drivers/ILI9341/ILI9341_STM32_Driver.o
                0x08002894                ILI9341_Reset
 .text.ILI9341_Set_Rotation
                0x08002908       0xa4 ./Drivers/ILI9341/ILI9341_STM32_Driver.o
                0x08002908                ILI9341_Set_Rotation
 .text.ILI9341_Enable
                0x080029ac       0x18 ./Drivers/ILI9341/ILI9341_STM32_Driver.o
                0x080029ac                ILI9341_Enable
 .text.ILI9341_Init
                0x080029c4      0x21a ./Drivers/ILI9341/ILI9341_STM32_Driver.o
                0x080029c4                ILI9341_Init
 *fill*         0x08002bde        0x2 
 .text.ILI9341_Draw_Colour_Burst
                0x08002be0      0x13c ./Drivers/ILI9341/ILI9341_STM32_Driver.o
                0x08002be0                ILI9341_Draw_Colour_Burst
 .text.ILI9341_Fill_Screen
                0x08002d1c       0x4c ./Drivers/ILI9341/ILI9341_STM32_Driver.o
                0x08002d1c                ILI9341_Fill_Screen
 .text.ILI9341_Draw_Pixel
                0x08002d68      0x1b4 ./Drivers/ILI9341/ILI9341_STM32_Driver.o
                0x08002d68                ILI9341_Draw_Pixel
 .text.ILI9341_Draw_Rectangle
                0x08002f1c       0xb8 ./Drivers/ILI9341/ILI9341_STM32_Driver.o
                0x08002f1c                ILI9341_Draw_Rectangle
 .text.ILI9341_Draw_Symbol
                0x08002fd4       0xe6 ./Drivers/ILI9341/ILI9341_STM32_Driver.o
                0x08002fd4                ILI9341_Draw_Symbol
 .text.ILI9341_Draw_FirstCard
                0x080030ba       0x3c ./Drivers/ILI9341/ILI9341_STM32_Driver.o
                0x080030ba                ILI9341_Draw_FirstCard
 .text.ILI9341_Draw_SecondCard
                0x080030f6       0x3c ./Drivers/ILI9341/ILI9341_STM32_Driver.o
                0x080030f6                ILI9341_Draw_SecondCard
 *fill*         0x08003132        0x2 
 .text.TP_Read  0x08003134       0x58 ./Drivers/ILI9341/ILI9341_Touchscreen.o
                0x08003134                TP_Read
 .text.TP_Write
                0x0800318c       0x6c ./Drivers/ILI9341/ILI9341_Touchscreen.o
                0x0800318c                TP_Write
 .text.TP_Read_Coordinates
                0x080031f8      0x1b8 ./Drivers/ILI9341/ILI9341_Touchscreen.o
                0x080031f8                TP_Read_Coordinates
 .text.TP_Touchpad_Pressed
                0x080033b0       0x20 ./Drivers/ILI9341/ILI9341_Touchscreen.o
                0x080033b0                TP_Touchpad_Pressed
 .text.TP_Touchpad2_Pressed
                0x080033d0       0x20 ./Drivers/ILI9341/ILI9341_Touchscreen.o
                0x080033d0                TP_Touchpad2_Pressed
 .text.TP_Touchpad3_Pressed
                0x080033f0       0x20 ./Drivers/ILI9341/ILI9341_Touchscreen.o
                0x080033f0                TP_Touchpad3_Pressed
 .text.TP_Touchpad4_Pressed
                0x08003410       0x20 ./Drivers/ILI9341/ILI9341_Touchscreen.o
                0x08003410                TP_Touchpad4_Pressed
 .text.resetScreen
                0x08003430       0x50 ./Drivers/ILI9341/draw_poker.o
                0x08003430                resetScreen
 .text.resetTouchScreen
                0x08003480       0x40 ./Drivers/ILI9341/draw_poker.o
                0x08003480                resetTouchScreen
 .text.setScreen
                0x080034c0       0x8c ./Drivers/ILI9341/draw_poker.o
                0x080034c0                setScreen
 .text.setTouchScreen
                0x0800354c       0x74 ./Drivers/ILI9341/draw_poker.o
                0x0800354c                setTouchScreen
 .text.drawPlayerCard
                0x080035c0       0x32 ./Drivers/ILI9341/draw_poker.o
                0x080035c0                drawPlayerCard
 *fill*         0x080035f2        0x2 
 .text.displayHand
                0x080035f4      0x10c ./Drivers/ILI9341/draw_poker.o
                0x080035f4                displayHand
 .text.displayPokerHand
                0x08003700       0x9c ./Drivers/ILI9341/draw_poker.o
                0x08003700                displayPokerHand
 .text.displayWinnerPlayer
                0x0800379c       0xb0 ./Drivers/ILI9341/draw_poker.o
                0x0800379c                displayWinnerPlayer
 .text.disPlayCommunityCard
                0x0800384c      0x12c ./Drivers/ILI9341/draw_poker.o
                0x0800384c                disPlayCommunityCard
 .text.Process_Touch
                0x08003978       0xd4 ./Drivers/ILI9341/draw_poker.o
                0x08003978                Process_Touch
 .text.Check_Touch
                0x08003a4c       0x54 ./Drivers/ILI9341/draw_poker.o
                0x08003a4c                Check_Touch
 .text.displayMenu
                0x08003aa0       0xb8 ./Drivers/ILI9341/draw_poker.o
                0x08003aa0                displayMenu
 .text.selectedChoice
                0x08003b58       0x54 ./Drivers/ILI9341/draw_poker.o
                0x08003b58                selectedChoice
 .text.displayBet
                0x08003bac       0x98 ./Drivers/ILI9341/draw_poker.o
                0x08003bac                displayBet
 .text.processBet
                0x08003c44      0x134 ./Drivers/ILI9341/draw_poker.o
                0x08003c44                processBet
 .text.Joystick_Init
                0x08003d78       0x2c ./Drivers/ILI9341/joystick.o
                0x08003d78                Joystick_Init
 .text.UpdateDisplay
                0x08003da4       0xa4 ./Drivers/ILI9341/joystick.o
 .text.Joystick_GetXValue
                0x08003e48       0x30 ./Drivers/ILI9341/joystick.o
                0x08003e48                Joystick_GetXValue
 .text.Joystick_GetYValue
                0x08003e78       0x30 ./Drivers/ILI9341/joystick.o
                0x08003e78                Joystick_GetYValue
 .text.Joystick_Update
                0x08003ea8      0x1a0 ./Drivers/ILI9341/joystick.o
                0x08003ea8                Joystick_Update
 .text.teraPrint
                0x08004048       0x38 ./Drivers/ILI9341/poker.o
                0x08004048                teraPrint
 .text.initializeGame
                0x08004080       0x32 ./Drivers/ILI9341/poker.o
                0x08004080                initializeGame
 *fill*         0x080040b2        0x2 
 .text.createDeck
                0x080040b4      0x174 ./Drivers/ILI9341/poker.o
                0x080040b4                createDeck
 .text.shuffleDeck
                0x08004228       0xac ./Drivers/ILI9341/poker.o
                0x08004228                shuffleDeck
 .text.initializePlayers
                0x080042d4      0x114 ./Drivers/ILI9341/poker.o
                0x080042d4                initializePlayers
 .text.dealInitialCards
                0x080043e8       0x88 ./Drivers/ILI9341/poker.o
                0x080043e8                dealInitialCards
 .text.dealCommunityCards
                0x08004470       0x6c ./Drivers/ILI9341/poker.o
                0x08004470                dealCommunityCards
 .text.displayPlayerStatus
                0x080044dc      0x10c ./Drivers/ILI9341/poker.o
                0x080044dc                displayPlayerStatus
 .text.displayCommunityCards
                0x080045e8       0xcc ./Drivers/ILI9341/poker.o
                0x080045e8                displayCommunityCards
 .text.displayGameState
                0x080046b4       0xfc ./Drivers/ILI9341/poker.o
                0x080046b4                displayGameState
 .text.getPlayerAction
                0x080047b0       0x80 ./Drivers/ILI9341/poker.o
                0x080047b0                getPlayerAction
 .text.handlePlayerAction
                0x08004830      0x178 ./Drivers/ILI9341/poker.o
                0x08004830                handlePlayerAction
 .text.bettingRound
                0x080049a8      0x290 ./Drivers/ILI9341/poker.o
                0x080049a8                bettingRound
 .text.getFullHand
                0x08004c38       0x80 ./Drivers/ILI9341/poker.o
                0x08004c38                getFullHand
 .text.compareCards
                0x08004cb8       0x20 ./Drivers/ILI9341/poker.o
                0x08004cb8                compareCards
 .text.evaluateHand
                0x08004cd8      0x2e8 ./Drivers/ILI9341/poker.o
                0x08004cd8                evaluateHand
 .text.findWinner
                0x08004fc0      0x3d0 ./Drivers/ILI9341/poker.o
                0x08004fc0                findWinner
 .text.show_suggest
                0x08005390       0xa8 ./Drivers/ILI9341/poker.o
                0x08005390                show_suggest
 .text.playPokerGame
                0x08005438      0x7b8 ./Drivers/ILI9341/poker.o
                0x08005438                playPokerGame
 .text.debug_print
                0x08005bf0       0x3c ./Drivers/ILI9341/rfid.o
                0x08005bf0                debug_print
 .text.word_len
                0x08005c2c       0x4a ./Drivers/ILI9341/rfid.o
 .text.append_word
                0x08005c76       0x7e ./Drivers/ILI9341/rfid.o
 .text.count_word
                0x08005cf4       0x84 ./Drivers/ILI9341/rfid.o
 .text.ft_split
                0x08005d78       0xd2 ./Drivers/ILI9341/rfid.o
 *fill*         0x08005e4a        0x2 
 .text.getRankIndex.0
                0x08005e4c       0x48 ./Drivers/ILI9341/rfid.o
 .text.parseCardFromString
                0x08005e94      0x184 ./Drivers/ILI9341/rfid.o
                0x08005e94                parseCardFromString
 .text.display_status_led
                0x08006018       0x64 ./Drivers/ILI9341/rfid.o
                0x08006018                display_status_led
 .text.processRFID
                0x0800607c      0x488 ./Drivers/ILI9341/rfid.o
                0x0800607c                processRFID
 .text.HAL_Init
                0x08006504       0x2c ./Drivers/STM32F7xx_HAL_Driver/Src/stm32f7xx_hal.o
                0x08006504                HAL_Init
 .text.HAL_InitTick
                0x08006530       0x60 ./Drivers/STM32F7xx_HAL_Driver/Src/stm32f7xx_hal.o
                0x08006530                HAL_InitTick
 .text.HAL_IncTick
                0x08006590       0x28 ./Drivers/STM32F7xx_HAL_Driver/Src/stm32f7xx_hal.o
                0x08006590                HAL_IncTick
 .text.HAL_GetTick
                0x080065b8       0x18 ./Drivers/STM32F7xx_HAL_Driver/Src/stm32f7xx_hal.o
                0x080065b8                HAL_GetTick
 .text.HAL_Delay
                0x080065d0       0x48 ./Drivers/STM32F7xx_HAL_Driver/Src/stm32f7xx_hal.o
                0x080065d0                HAL_Delay
 .text.HAL_ADC_Init
                0x08006618       0x88 ./Drivers/STM32F7xx_HAL_Driver/Src/stm32f7xx_hal_adc.o
                0x08006618                HAL_ADC_Init
 .text.HAL_ADC_Start
                0x080066a0      0x19c ./Drivers/STM32F7xx_HAL_Driver/Src/stm32f7xx_hal_adc.o
                0x080066a0                HAL_ADC_Start
 .text.HAL_ADC_PollForConversion
                0x0800683c      0x116 ./Drivers/STM32F7xx_HAL_Driver/Src/stm32f7xx_hal_adc.o
                0x0800683c                HAL_ADC_PollForConversion
 .text.HAL_ADC_GetValue
                0x08006952       0x1a ./Drivers/STM32F7xx_HAL_Driver/Src/stm32f7xx_hal_adc.o
                0x08006952                HAL_ADC_GetValue
 .text.HAL_ADC_ConfigChannel
                0x0800696c      0x2ac ./Drivers/STM32F7xx_HAL_Driver/Src/stm32f7xx_hal_adc.o
                0x0800696c                HAL_ADC_ConfigChannel
 .text.ADC_Init
                0x08006c18      0x1f4 ./Drivers/STM32F7xx_HAL_Driver/Src/stm32f7xx_hal_adc.o
 .text.__NVIC_SetPriorityGrouping
                0x08006e0c       0x48 ./Drivers/STM32F7xx_HAL_Driver/Src/stm32f7xx_hal_cortex.o
 .text.__NVIC_GetPriorityGrouping
                0x08006e54       0x1c ./Drivers/STM32F7xx_HAL_Driver/Src/stm32f7xx_hal_cortex.o
 .text.__NVIC_EnableIRQ
                0x08006e70       0x3c ./Drivers/STM32F7xx_HAL_Driver/Src/stm32f7xx_hal_cortex.o
 .text.__NVIC_SetPriority
                0x08006eac       0x54 ./Drivers/STM32F7xx_HAL_Driver/Src/stm32f7xx_hal_cortex.o
 .text.NVIC_EncodePriority
                0x08006f00       0x66 ./Drivers/STM32F7xx_HAL_Driver/Src/stm32f7xx_hal_cortex.o
 *fill*         0x08006f66        0x2 
 .text.SysTick_Config
                0x08006f68       0x44 ./Drivers/STM32F7xx_HAL_Driver/Src/stm32f7xx_hal_cortex.o
 .text.HAL_NVIC_SetPriorityGrouping
                0x08006fac       0x16 ./Drivers/STM32F7xx_HAL_Driver/Src/stm32f7xx_hal_cortex.o
                0x08006fac                HAL_NVIC_SetPriorityGrouping
 .text.HAL_NVIC_SetPriority
                0x08006fc2       0x38 ./Drivers/STM32F7xx_HAL_Driver/Src/stm32f7xx_hal_cortex.o
                0x08006fc2                HAL_NVIC_SetPriority
 .text.HAL_NVIC_EnableIRQ
                0x08006ffa       0x1c ./Drivers/STM32F7xx_HAL_Driver/Src/stm32f7xx_hal_cortex.o
                0x08006ffa                HAL_NVIC_EnableIRQ
 .text.HAL_SYSTICK_Config
                0x08007016       0x18 ./Drivers/STM32F7xx_HAL_Driver/Src/stm32f7xx_hal_cortex.o
                0x08007016                HAL_SYSTICK_Config
 *fill*         0x0800702e        0x2 
 .text.HAL_GPIO_Init
                0x08007030      0x358 ./Drivers/STM32F7xx_HAL_Driver/Src/stm32f7xx_hal_gpio.o
                0x08007030                HAL_GPIO_Init
 .text.HAL_GPIO_ReadPin
                0x08007388       0x30 ./Drivers/STM32F7xx_HAL_Driver/Src/stm32f7xx_hal_gpio.o
                0x08007388                HAL_GPIO_ReadPin
 .text.HAL_GPIO_WritePin
                0x080073b8       0x32 ./Drivers/STM32F7xx_HAL_Driver/Src/stm32f7xx_hal_gpio.o
                0x080073b8                HAL_GPIO_WritePin
 *fill*         0x080073ea        0x2 
 .text.HAL_PWR_EnableBkUpAccess
                0x080073ec       0x20 ./Drivers/STM32F7xx_HAL_Driver/Src/stm32f7xx_hal_pwr.o
                0x080073ec                HAL_PWR_EnableBkUpAccess
 .text.HAL_PWREx_EnableOverDrive
                0x0800740c       0xa0 ./Drivers/STM32F7xx_HAL_Driver/Src/stm32f7xx_hal_pwr_ex.o
                0x0800740c                HAL_PWREx_EnableOverDrive
 .text.HAL_RCC_OscConfig
                0x080074ac      0x55c ./Drivers/STM32F7xx_HAL_Driver/Src/stm32f7xx_hal_rcc.o
                0x080074ac                HAL_RCC_OscConfig
 .text.HAL_RCC_ClockConfig
                0x08007a08      0x1d8 ./Drivers/STM32F7xx_HAL_Driver/Src/stm32f7xx_hal_rcc.o
                0x08007a08                HAL_RCC_ClockConfig
 .text.HAL_RCC_GetSysClockFreq
                0x08007be0      0x20c ./Drivers/STM32F7xx_HAL_Driver/Src/stm32f7xx_hal_rcc.o
                0x08007be0                HAL_RCC_GetSysClockFreq
 .text.HAL_RCC_GetHCLKFreq
                0x08007dec       0x18 ./Drivers/STM32F7xx_HAL_Driver/Src/stm32f7xx_hal_rcc.o
                0x08007dec                HAL_RCC_GetHCLKFreq
 .text.HAL_RCC_GetPCLK1Freq
                0x08007e04       0x28 ./Drivers/STM32F7xx_HAL_Driver/Src/stm32f7xx_hal_rcc.o
                0x08007e04                HAL_RCC_GetPCLK1Freq
 .text.HAL_RCC_GetPCLK2Freq
                0x08007e2c       0x28 ./Drivers/STM32F7xx_HAL_Driver/Src/stm32f7xx_hal_rcc.o
                0x08007e2c                HAL_RCC_GetPCLK2Freq
 .text.HAL_RCCEx_PeriphCLKConfig
                0x08007e54      0x850 ./Drivers/STM32F7xx_HAL_Driver/Src/stm32f7xx_hal_rcc_ex.o
                0x08007e54                HAL_RCCEx_PeriphCLKConfig
 .text.HAL_RNG_Init
                0x080086a4       0x54 ./Drivers/STM32F7xx_HAL_Driver/Src/stm32f7xx_hal_rng.o
                0x080086a4                HAL_RNG_Init
 .text.HAL_RNG_GenerateRandomNumber
                0x080086f8       0xac ./Drivers/STM32F7xx_HAL_Driver/Src/stm32f7xx_hal_rng.o
                0x080086f8                HAL_RNG_GenerateRandomNumber
 .text.HAL_SPI_Init
                0x080087a4      0x156 ./Drivers/STM32F7xx_HAL_Driver/Src/stm32f7xx_hal_spi.o
                0x080087a4                HAL_SPI_Init
 .text.HAL_SPI_Transmit
                0x080088fa      0x2ea ./Drivers/STM32F7xx_HAL_Driver/Src/stm32f7xx_hal_spi.o
                0x080088fa                HAL_SPI_Transmit
 .text.HAL_SPI_TransmitReceive
                0x08008be4      0x444 ./Drivers/STM32F7xx_HAL_Driver/Src/stm32f7xx_hal_spi.o
                0x08008be4                HAL_SPI_TransmitReceive
 .text.SPI_WaitFlagStateUntilTimeout
                0x08009028      0x110 ./Drivers/STM32F7xx_HAL_Driver/Src/stm32f7xx_hal_spi.o
 .text.SPI_WaitFifoStateUntilTimeout
                0x08009138      0x12c ./Drivers/STM32F7xx_HAL_Driver/Src/stm32f7xx_hal_spi.o
 .text.SPI_EndRxTxTransaction
                0x08009264       0xd4 ./Drivers/STM32F7xx_HAL_Driver/Src/stm32f7xx_hal_spi.o
 .text.HAL_TIM_Base_Init
                0x08009338       0xae ./Drivers/STM32F7xx_HAL_Driver/Src/stm32f7xx_hal_tim.o
                0x08009338                HAL_TIM_Base_Init
 *fill*         0x080093e6        0x2 
 .text.HAL_TIM_Base_Start_IT
                0x080093e8       0xf0 ./Drivers/STM32F7xx_HAL_Driver/Src/stm32f7xx_hal_tim.o
                0x080093e8                HAL_TIM_Base_Start_IT
 .text.HAL_TIM_PWM_Init
                0x080094d8       0xae ./Drivers/STM32F7xx_HAL_Driver/Src/stm32f7xx_hal_tim.o
                0x080094d8                HAL_TIM_PWM_Init
 .text.HAL_TIM_IRQHandler
                0x08009586      0x20e ./Drivers/STM32F7xx_HAL_Driver/Src/stm32f7xx_hal_tim.o
                0x08009586                HAL_TIM_IRQHandler
 .text.HAL_TIM_PWM_ConfigChannel
                0x08009794      0x228 ./Drivers/STM32F7xx_HAL_Driver/Src/stm32f7xx_hal_tim.o
                0x08009794                HAL_TIM_PWM_ConfigChannel
 .text.HAL_TIM_ConfigClockSource
                0x080099bc      0x194 ./Drivers/STM32F7xx_HAL_Driver/Src/stm32f7xx_hal_tim.o
                0x080099bc                HAL_TIM_ConfigClockSource
 .text.HAL_TIM_PeriodElapsedCallback
                0x08009b50       0x14 ./Drivers/STM32F7xx_HAL_Driver/Src/stm32f7xx_hal_tim.o
                0x08009b50                HAL_TIM_PeriodElapsedCallback
 .text.HAL_TIM_OC_DelayElapsedCallback
                0x08009b64       0x14 ./Drivers/STM32F7xx_HAL_Driver/Src/stm32f7xx_hal_tim.o
                0x08009b64                HAL_TIM_OC_DelayElapsedCallback
 .text.HAL_TIM_IC_CaptureCallback
                0x08009b78       0x14 ./Drivers/STM32F7xx_HAL_Driver/Src/stm32f7xx_hal_tim.o
                0x08009b78                HAL_TIM_IC_CaptureCallback
 .text.HAL_TIM_PWM_PulseFinishedCallback
                0x08009b8c       0x14 ./Drivers/STM32F7xx_HAL_Driver/Src/stm32f7xx_hal_tim.o
                0x08009b8c                HAL_TIM_PWM_PulseFinishedCallback
 .text.HAL_TIM_TriggerCallback
                0x08009ba0       0x14 ./Drivers/STM32F7xx_HAL_Driver/Src/stm32f7xx_hal_tim.o
                0x08009ba0                HAL_TIM_TriggerCallback
 .text.TIM_Base_SetConfig
                0x08009bb4      0x158 ./Drivers/STM32F7xx_HAL_Driver/Src/stm32f7xx_hal_tim.o
                0x08009bb4                TIM_Base_SetConfig
 .text.TIM_OC1_SetConfig
                0x08009d0c       0xe4 ./Drivers/STM32F7xx_HAL_Driver/Src/stm32f7xx_hal_tim.o
 .text.TIM_OC2_SetConfig
                0x08009df0       0xf0 ./Drivers/STM32F7xx_HAL_Driver/Src/stm32f7xx_hal_tim.o
                0x08009df0                TIM_OC2_SetConfig
 .text.TIM_OC3_SetConfig
                0x08009ee0       0xec ./Drivers/STM32F7xx_HAL_Driver/Src/stm32f7xx_hal_tim.o
 .text.TIM_OC4_SetConfig
                0x08009fcc       0xb0 ./Drivers/STM32F7xx_HAL_Driver/Src/stm32f7xx_hal_tim.o
 .text.TIM_OC5_SetConfig
                0x0800a07c       0xa4 ./Drivers/STM32F7xx_HAL_Driver/Src/stm32f7xx_hal_tim.o
 .text.TIM_OC6_SetConfig
                0x0800a120       0xa8 ./Drivers/STM32F7xx_HAL_Driver/Src/stm32f7xx_hal_tim.o
 .text.TIM_TI1_ConfigInputStage
                0x0800a1c8       0x5e ./Drivers/STM32F7xx_HAL_Driver/Src/stm32f7xx_hal_tim.o
 .text.TIM_TI2_ConfigInputStage
                0x0800a226       0x60 ./Drivers/STM32F7xx_HAL_Driver/Src/stm32f7xx_hal_tim.o
 .text.TIM_ITRx_SetConfig
                0x0800a286       0x36 ./Drivers/STM32F7xx_HAL_Driver/Src/stm32f7xx_hal_tim.o
 .text.TIM_ETR_SetConfig
                0x0800a2bc       0x40 ./Drivers/STM32F7xx_HAL_Driver/Src/stm32f7xx_hal_tim.o
                0x0800a2bc                TIM_ETR_SetConfig
 .text.HAL_TIMEx_MasterConfigSynchronization
                0x0800a2fc      0x11c ./Drivers/STM32F7xx_HAL_Driver/Src/stm32f7xx_hal_tim_ex.o
                0x0800a2fc                HAL_TIMEx_MasterConfigSynchronization
 .text.HAL_TIMEx_CommutCallback
                0x0800a418       0x14 ./Drivers/STM32F7xx_HAL_Driver/Src/stm32f7xx_hal_tim_ex.o
                0x0800a418                HAL_TIMEx_CommutCallback
 .text.HAL_TIMEx_BreakCallback
                0x0800a42c       0x14 ./Drivers/STM32F7xx_HAL_Driver/Src/stm32f7xx_hal_tim_ex.o
                0x0800a42c                HAL_TIMEx_BreakCallback
 .text.HAL_TIMEx_Break2Callback
                0x0800a440       0x14 ./Drivers/STM32F7xx_HAL_Driver/Src/stm32f7xx_hal_tim_ex.o
                0x0800a440                HAL_TIMEx_Break2Callback
 .text.HAL_UART_Init
                0x0800a454       0x9c ./Drivers/STM32F7xx_HAL_Driver/Src/stm32f7xx_hal_uart.o
                0x0800a454                HAL_UART_Init
 .text.HAL_UART_Transmit
                0x0800a4f0      0x112 ./Drivers/STM32F7xx_HAL_Driver/Src/stm32f7xx_hal_uart.o
                0x0800a4f0                HAL_UART_Transmit
 *fill*         0x0800a602        0x2 
 .text.UART_SetConfig
                0x0800a604      0x4c8 ./Drivers/STM32F7xx_HAL_Driver/Src/stm32f7xx_hal_uart.o
                0x0800a604                UART_SetConfig
 .text.UART_AdvFeatureConfig
                0x0800aacc      0x144 ./Drivers/STM32F7xx_HAL_Driver/Src/stm32f7xx_hal_uart.o
                0x0800aacc                UART_AdvFeatureConfig
 .text.UART_CheckIdleState
                0x0800ac10      0x150 ./Drivers/STM32F7xx_HAL_Driver/Src/stm32f7xx_hal_uart.o
                0x0800ac10                UART_CheckIdleState
 .text.UART_WaitOnFlagUntilTimeout
                0x0800ad60       0xda ./Drivers/STM32F7xx_HAL_Driver/Src/stm32f7xx_hal_uart.o
                0x0800ad60                UART_WaitOnFlagUntilTimeout
 .text.UART_EndRxTransfer
                0x0800ae3a       0xc8 ./Drivers/STM32F7xx_HAL_Driver/Src/stm32f7xx_hal_uart.o
 .text.swapfunc
                0x0800af02       0x32 /Applications/STM32CubeIDE.app/Contents/Eclipse/plugins/com.st.stm32cube.ide.mcu.externaltools.gnu-tools-for-stm32.12.3.rel1.macos64_1.0.200.202406191456/tools/bin/../lib/gcc/arm-none-eabi/12.3.1/../../../../arm-none-eabi/lib/thumb/v7e-m+dp/hard/libc_nano.a(libc_a-qsort.o)
 .text.med3.constprop.0
                0x0800af34       0x40 /Applications/STM32CubeIDE.app/Contents/Eclipse/plugins/com.st.stm32cube.ide.mcu.externaltools.gnu-tools-for-stm32.12.3.rel1.macos64_1.0.200.202406191456/tools/bin/../lib/gcc/arm-none-eabi/12.3.1/../../../../arm-none-eabi/lib/thumb/v7e-m+dp/hard/libc_nano.a(libc_a-qsort.o)
 .text.qsort    0x0800af74      0x28e /Applications/STM32CubeIDE.app/Contents/Eclipse/plugins/com.st.stm32cube.ide.mcu.externaltools.gnu-tools-for-stm32.12.3.rel1.macos64_1.0.200.202406191456/tools/bin/../lib/gcc/arm-none-eabi/12.3.1/../../../../arm-none-eabi/lib/thumb/v7e-m+dp/hard/libc_nano.a(libc_a-qsort.o)
                0x0800af74                qsort
 .text.__cvt    0x0800b202       0xa8 /Applications/STM32CubeIDE.app/Contents/Eclipse/plugins/com.st.stm32cube.ide.mcu.externaltools.gnu-tools-for-stm32.12.3.rel1.macos64_1.0.200.202406191456/tools/bin/../lib/gcc/arm-none-eabi/12.3.1/../../../../arm-none-eabi/lib/thumb/v7e-m+dp/hard/libc_nano.a(libc_a-nano-vfprintf_float.o)
                0x0800b202                __cvt
 .text.__exponent
                0x0800b2aa       0x74 /Applications/STM32CubeIDE.app/Contents/Eclipse/plugins/com.st.stm32cube.ide.mcu.externaltools.gnu-tools-for-stm32.12.3.rel1.macos64_1.0.200.202406191456/tools/bin/../lib/gcc/arm-none-eabi/12.3.1/../../../../arm-none-eabi/lib/thumb/v7e-m+dp/hard/libc_nano.a(libc_a-nano-vfprintf_float.o)
                0x0800b2aa                __exponent
 *fill*         0x0800b31e        0x2 
 .text._printf_float
                0x0800b320      0x434 /Applications/STM32CubeIDE.app/Contents/Eclipse/plugins/com.st.stm32cube.ide.mcu.externaltools.gnu-tools-for-stm32.12.3.rel1.macos64_1.0.200.202406191456/tools/bin/../lib/gcc/arm-none-eabi/12.3.1/../../../../arm-none-eabi/lib/thumb/v7e-m+dp/hard/libc_nano.a(libc_a-nano-vfprintf_float.o)
                0x0800b320                _printf_float
 .text.malloc   0x0800b754       0x10 /Applications/STM32CubeIDE.app/Contents/Eclipse/plugins/com.st.stm32cube.ide.mcu.externaltools.gnu-tools-for-stm32.12.3.rel1.macos64_1.0.200.202406191456/tools/bin/../lib/gcc/arm-none-eabi/12.3.1/../../../../arm-none-eabi/lib/thumb/v7e-m+dp/hard/libc_nano.a(libc_a-malloc.o)
                0x0800b754                malloc
 .text.free     0x0800b764       0x10 /Applications/STM32CubeIDE.app/Contents/Eclipse/plugins/com.st.stm32cube.ide.mcu.externaltools.gnu-tools-for-stm32.12.3.rel1.macos64_1.0.200.202406191456/tools/bin/../lib/gcc/arm-none-eabi/12.3.1/../../../../arm-none-eabi/lib/thumb/v7e-m+dp/hard/libc_nano.a(libc_a-malloc.o)
                0x0800b764                free
 .text.sbrk_aligned
                0x0800b774       0x44 /Applications/STM32CubeIDE.app/Contents/Eclipse/plugins/com.st.stm32cube.ide.mcu.externaltools.gnu-tools-for-stm32.12.3.rel1.macos64_1.0.200.202406191456/tools/bin/../lib/gcc/arm-none-eabi/12.3.1/../../../../arm-none-eabi/lib/thumb/v7e-m+dp/hard/libc_nano.a(libc_a-mallocr.o)
 .text._malloc_r
                0x0800b7b8      0x100 /Applications/STM32CubeIDE.app/Contents/Eclipse/plugins/com.st.stm32cube.ide.mcu.externaltools.gnu-tools-for-stm32.12.3.rel1.macos64_1.0.200.202406191456/tools/bin/../lib/gcc/arm-none-eabi/12.3.1/../../../../arm-none-eabi/lib/thumb/v7e-m+dp/hard/libc_nano.a(libc_a-mallocr.o)
                0x0800b7b8                _malloc_r
 .text._printf_common
                0x0800b8b8       0xda /Applications/STM32CubeIDE.app/Contents/Eclipse/plugins/com.st.stm32cube.ide.mcu.externaltools.gnu-tools-for-stm32.12.3.rel1.macos64_1.0.200.202406191456/tools/bin/../lib/gcc/arm-none-eabi/12.3.1/../../../../arm-none-eabi/lib/thumb/v7e-m+dp/hard/libc_nano.a(libc_a-nano-vfprintf_i.o)
                0x0800b8b8                _printf_common
 *fill*         0x0800b992        0x2 
 .text._printf_i
                0x0800b994      0x240 /Applications/STM32CubeIDE.app/Contents/Eclipse/plugins/com.st.stm32cube.ide.mcu.externaltools.gnu-tools-for-stm32.12.3.rel1.macos64_1.0.200.202406191456/tools/bin/../lib/gcc/arm-none-eabi/12.3.1/../../../../arm-none-eabi/lib/thumb/v7e-m+dp/hard/libc_nano.a(libc_a-nano-vfprintf_i.o)
                0x0800b994                _printf_i
 .text._scanf_float
                0x0800bbd4      0x418 /Applications/STM32CubeIDE.app/Contents/Eclipse/plugins/com.st.stm32cube.ide.mcu.externaltools.gnu-tools-for-stm32.12.3.rel1.macos64_1.0.200.202406191456/tools/bin/../lib/gcc/arm-none-eabi/12.3.1/../../../../arm-none-eabi/lib/thumb/v7e-m+dp/hard/libc_nano.a(libc_a-nano-vfscanf_float.o)
                0x0800bbd4                _scanf_float
 .text.snprintf
                0x0800bfec       0x68 /Applications/STM32CubeIDE.app/Contents/Eclipse/plugins/com.st.stm32cube.ide.mcu.externaltools.gnu-tools-for-stm32.12.3.rel1.macos64_1.0.200.202406191456/tools/bin/../lib/gcc/arm-none-eabi/12.3.1/../../../../arm-none-eabi/lib/thumb/v7e-m+dp/hard/libc_nano.a(libc_a-snprintf.o)
                0x0800bfec                snprintf
                0x0800bfec                sniprintf
 .text.__malloc_lock
                0x0800c054        0xc /Applications/STM32CubeIDE.app/Contents/Eclipse/plugins/com.st.stm32cube.ide.mcu.externaltools.gnu-tools-for-stm32.12.3.rel1.macos64_1.0.200.202406191456/tools/bin/../lib/gcc/arm-none-eabi/12.3.1/../../../../arm-none-eabi/lib/thumb/v7e-m+dp/hard/libc_nano.a(libc_a-mlock.o)
                0x0800c054                __malloc_lock
 .text.__malloc_unlock
                0x0800c060        0xc /Applications/STM32CubeIDE.app/Contents/Eclipse/plugins/com.st.stm32cube.ide.mcu.externaltools.gnu-tools-for-stm32.12.3.rel1.macos64_1.0.200.202406191456/tools/bin/../lib/gcc/arm-none-eabi/12.3.1/../../../../arm-none-eabi/lib/thumb/v7e-m+dp/hard/libc_nano.a(libc_a-mlock.o)
                0x0800c060                __malloc_unlock
 .text.sprintf  0x0800c06c       0x40 /Applications/STM32CubeIDE.app/Contents/Eclipse/plugins/com.st.stm32cube.ide.mcu.externaltools.gnu-tools-for-stm32.12.3.rel1.macos64_1.0.200.202406191456/tools/bin/../lib/gcc/arm-none-eabi/12.3.1/../../../../arm-none-eabi/lib/thumb/v7e-m+dp/hard/libc_nano.a(libc_a-sprintf.o)
                0x0800c06c                sprintf
                0x0800c06c                siprintf
 .text.srand    0x0800c0ac       0x5c /Applications/STM32CubeIDE.app/Contents/Eclipse/plugins/com.st.stm32cube.ide.mcu.externaltools.gnu-tools-for-stm32.12.3.rel1.macos64_1.0.200.202406191456/tools/bin/../lib/gcc/arm-none-eabi/12.3.1/../../../../arm-none-eabi/lib/thumb/v7e-m+dp/hard/libc_nano.a(libc_a-rand.o)
                0x0800c0ac                srand
 .text.rand     0x0800c108       0x7c /Applications/STM32CubeIDE.app/Contents/Eclipse/plugins/com.st.stm32cube.ide.mcu.externaltools.gnu-tools-for-stm32.12.3.rel1.macos64_1.0.200.202406191456/tools/bin/../lib/gcc/arm-none-eabi/12.3.1/../../../../arm-none-eabi/lib/thumb/v7e-m+dp/hard/libc_nano.a(libc_a-rand.o)
                0x0800c108                rand
 .text.std      0x0800c184       0x6c /Applications/STM32CubeIDE.app/Contents/Eclipse/plugins/com.st.stm32cube.ide.mcu.externaltools.gnu-tools-for-stm32.12.3.rel1.macos64_1.0.200.202406191456/tools/bin/../lib/gcc/arm-none-eabi/12.3.1/../../../../arm-none-eabi/lib/thumb/v7e-m+dp/hard/libc_nano.a(libc_a-findfp.o)
 .text.stdio_exit_handler
                0x0800c1f0       0x18 /Applications/STM32CubeIDE.app/Contents/Eclipse/plugins/com.st.stm32cube.ide.mcu.externaltools.gnu-tools-for-stm32.12.3.rel1.macos64_1.0.200.202406191456/tools/bin/../lib/gcc/arm-none-eabi/12.3.1/../../../../arm-none-eabi/lib/thumb/v7e-m+dp/hard/libc_nano.a(libc_a-findfp.o)
 .text.cleanup_stdio
                0x0800c208       0x40 /Applications/STM32CubeIDE.app/Contents/Eclipse/plugins/com.st.stm32cube.ide.mcu.externaltools.gnu-tools-for-stm32.12.3.rel1.macos64_1.0.200.202406191456/tools/bin/../lib/gcc/arm-none-eabi/12.3.1/../../../../arm-none-eabi/lib/thumb/v7e-m+dp/hard/libc_nano.a(libc_a-findfp.o)
 .text.global_stdio_init.part.0
                0x0800c248       0x3c /Applications/STM32CubeIDE.app/Contents/Eclipse/plugins/com.st.stm32cube.ide.mcu.externaltools.gnu-tools-for-stm32.12.3.rel1.macos64_1.0.200.202406191456/tools/bin/../lib/gcc/arm-none-eabi/12.3.1/../../../../arm-none-eabi/lib/thumb/v7e-m+dp/hard/libc_nano.a(libc_a-findfp.o)
 .text.__sfp_lock_acquire
                0x0800c284        0xc /Applications/STM32CubeIDE.app/Contents/Eclipse/plugins/com.st.stm32cube.ide.mcu.externaltools.gnu-tools-for-stm32.12.3.rel1.macos64_1.0.200.202406191456/tools/bin/../lib/gcc/arm-none-eabi/12.3.1/../../../../arm-none-eabi/lib/thumb/v7e-m+dp/hard/libc_nano.a(libc_a-findfp.o)
                0x0800c284                __sfp_lock_acquire
 .text.__sfp_lock_release
                0x0800c290        0xc /Applications/STM32CubeIDE.app/Contents/Eclipse/plugins/com.st.stm32cube.ide.mcu.externaltools.gnu-tools-for-stm32.12.3.rel1.macos64_1.0.200.202406191456/tools/bin/../lib/gcc/arm-none-eabi/12.3.1/../../../../arm-none-eabi/lib/thumb/v7e-m+dp/hard/libc_nano.a(libc_a-findfp.o)
                0x0800c290                __sfp_lock_release
 .text.__sinit  0x0800c29c       0x30 /Applications/STM32CubeIDE.app/Contents/Eclipse/plugins/com.st.stm32cube.ide.mcu.externaltools.gnu-tools-for-stm32.12.3.rel1.macos64_1.0.200.202406191456/tools/bin/../lib/gcc/arm-none-eabi/12.3.1/../../../../arm-none-eabi/lib/thumb/v7e-m+dp/hard/libc_nano.a(libc_a-findfp.o)
                0x0800c29c                __sinit
 .text.sulp     0x0800c2cc       0x34 /Applications/STM32CubeIDE.app/Contents/Eclipse/plugins/com.st.stm32cube.ide.mcu.externaltools.gnu-tools-for-stm32.12.3.rel1.macos64_1.0.200.202406191456/tools/bin/../lib/gcc/arm-none-eabi/12.3.1/../../../../arm-none-eabi/lib/thumb/v7e-m+dp/hard/libc_nano.a(libc_a-strtod.o)
 .text._strtod_l
                0x0800c300      0xb2c /Applications/STM32CubeIDE.app/Contents/Eclipse/plugins/com.st.stm32cube.ide.mcu.externaltools.gnu-tools-for-stm32.12.3.rel1.macos64_1.0.200.202406191456/tools/bin/../lib/gcc/arm-none-eabi/12.3.1/../../../../arm-none-eabi/lib/thumb/v7e-m+dp/hard/libc_nano.a(libc_a-strtod.o)
                0x0800c300                _strtod_l
 .text._strtod_r
                0x0800ce2c        0xc /Applications/STM32CubeIDE.app/Contents/Eclipse/plugins/com.st.stm32cube.ide.mcu.externaltools.gnu-tools-for-stm32.12.3.rel1.macos64_1.0.200.202406191456/tools/bin/../lib/gcc/arm-none-eabi/12.3.1/../../../../arm-none-eabi/lib/thumb/v7e-m+dp/hard/libc_nano.a(libc_a-strtod.o)
                0x0800ce2c                _strtod_r
 .text._strtol_l.constprop.0
                0x0800ce38       0xf4 /Applications/STM32CubeIDE.app/Contents/Eclipse/plugins/com.st.stm32cube.ide.mcu.externaltools.gnu-tools-for-stm32.12.3.rel1.macos64_1.0.200.202406191456/tools/bin/../lib/gcc/arm-none-eabi/12.3.1/../../../../arm-none-eabi/lib/thumb/v7e-m+dp/hard/libc_nano.a(libc_a-strtol.o)
 .text._strtol_r
                0x0800cf2c        0x4 /Applications/STM32CubeIDE.app/Contents/Eclipse/plugins/com.st.stm32cube.ide.mcu.externaltools.gnu-tools-for-stm32.12.3.rel1.macos64_1.0.200.202406191456/tools/bin/../lib/gcc/arm-none-eabi/12.3.1/../../../../arm-none-eabi/lib/thumb/v7e-m+dp/hard/libc_nano.a(libc_a-strtol.o)
                0x0800cf2c                _strtol_r
 .text._fwalk_sglue
                0x0800cf30       0x3c /Applications/STM32CubeIDE.app/Contents/Eclipse/plugins/com.st.stm32cube.ide.mcu.externaltools.gnu-tools-for-stm32.12.3.rel1.macos64_1.0.200.202406191456/tools/bin/../lib/gcc/arm-none-eabi/12.3.1/../../../../arm-none-eabi/lib/thumb/v7e-m+dp/hard/libc_nano.a(libc_a-fwalk.o)
                0x0800cf30                _fwalk_sglue
 .text.printf   0x0800cf6c       0x24 /Applications/STM32CubeIDE.app/Contents/Eclipse/plugins/com.st.stm32cube.ide.mcu.externaltools.gnu-tools-for-stm32.12.3.rel1.macos64_1.0.200.202406191456/tools/bin/../lib/gcc/arm-none-eabi/12.3.1/../../../../arm-none-eabi/lib/thumb/v7e-m+dp/hard/libc_nano.a(libc_a-printf.o)
                0x0800cf6c                printf
                0x0800cf6c                iprintf
 .text.putchar  0x0800cf90       0x10 /Applications/STM32CubeIDE.app/Contents/Eclipse/plugins/com.st.stm32cube.ide.mcu.externaltools.gnu-tools-for-stm32.12.3.rel1.macos64_1.0.200.202406191456/tools/bin/../lib/gcc/arm-none-eabi/12.3.1/../../../../arm-none-eabi/lib/thumb/v7e-m+dp/hard/libc_nano.a(libc_a-putchar.o)
                0x0800cf90                putchar
 .text._puts_r  0x0800cfa0       0xaa /Applications/STM32CubeIDE.app/Contents/Eclipse/plugins/com.st.stm32cube.ide.mcu.externaltools.gnu-tools-for-stm32.12.3.rel1.macos64_1.0.200.202406191456/tools/bin/../lib/gcc/arm-none-eabi/12.3.1/../../../../arm-none-eabi/lib/thumb/v7e-m+dp/hard/libc_nano.a(libc_a-puts.o)
                0x0800cfa0                _puts_r
 *fill*         0x0800d04a        0x2 
 .text.puts     0x0800d04c       0x10 /Applications/STM32CubeIDE.app/Contents/Eclipse/plugins/com.st.stm32cube.ide.mcu.externaltools.gnu-tools-for-stm32.12.3.rel1.macos64_1.0.200.202406191456/tools/bin/../lib/gcc/arm-none-eabi/12.3.1/../../../../arm-none-eabi/lib/thumb/v7e-m+dp/hard/libc_nano.a(libc_a-puts.o)
                0x0800d04c                puts
 .text.strncmp  0x0800d05c       0x24 /Applications/STM32CubeIDE.app/Contents/Eclipse/plugins/com.st.stm32cube.ide.mcu.externaltools.gnu-tools-for-stm32.12.3.rel1.macos64_1.0.200.202406191456/tools/bin/../lib/gcc/arm-none-eabi/12.3.1/../../../../arm-none-eabi/lib/thumb/v7e-m+dp/hard/libc_nano.a(libc_a-strncmp.o)
                0x0800d05c                strncmp
 .text.memset   0x0800d080       0x10 /Applications/STM32CubeIDE.app/Contents/Eclipse/plugins/com.st.stm32cube.ide.mcu.externaltools.gnu-tools-for-stm32.12.3.rel1.macos64_1.0.200.202406191456/tools/bin/../lib/gcc/arm-none-eabi/12.3.1/../../../../arm-none-eabi/lib/thumb/v7e-m+dp/hard/libc_nano.a(libc_a-memset.o)
                0x0800d080                memset
 .text._localeconv_r
                0x0800d090        0x8 /Applications/STM32CubeIDE.app/Contents/Eclipse/plugins/com.st.stm32cube.ide.mcu.externaltools.gnu-tools-for-stm32.12.3.rel1.macos64_1.0.200.202406191456/tools/bin/../lib/gcc/arm-none-eabi/12.3.1/../../../../arm-none-eabi/lib/thumb/v7e-m+dp/hard/libc_nano.a(libc_a-localeconv.o)
                0x0800d090                _localeconv_r
 .text._sbrk_r  0x0800d098       0x20 /Applications/STM32CubeIDE.app/Contents/Eclipse/plugins/com.st.stm32cube.ide.mcu.externaltools.gnu-tools-for-stm32.12.3.rel1.macos64_1.0.200.202406191456/tools/bin/../lib/gcc/arm-none-eabi/12.3.1/../../../../arm-none-eabi/lib/thumb/v7e-m+dp/hard/libc_nano.a(libc_a-sbrkr.o)
                0x0800d098                _sbrk_r
 .text.__errno  0x0800d0b8        0xc /Applications/STM32CubeIDE.app/Contents/Eclipse/plugins/com.st.stm32cube.ide.mcu.externaltools.gnu-tools-for-stm32.12.3.rel1.macos64_1.0.200.202406191456/tools/bin/../lib/gcc/arm-none-eabi/12.3.1/../../../../arm-none-eabi/lib/thumb/v7e-m+dp/hard/libc_nano.a(libc_a-errno.o)
                0x0800d0b8                __errno
 .text.__libc_init_array
                0x0800d0c4       0x48 /Applications/STM32CubeIDE.app/Contents/Eclipse/plugins/com.st.stm32cube.ide.mcu.externaltools.gnu-tools-for-stm32.12.3.rel1.macos64_1.0.200.202406191456/tools/bin/../lib/gcc/arm-none-eabi/12.3.1/../../../../arm-none-eabi/lib/thumb/v7e-m+dp/hard/libc_nano.a(libc_a-init.o)
                0x0800d0c4                __libc_init_array
 .text.__retarget_lock_init_recursive
                0x0800d10c        0x2 /Applications/STM32CubeIDE.app/Contents/Eclipse/plugins/com.st.stm32cube.ide.mcu.externaltools.gnu-tools-for-stm32.12.3.rel1.macos64_1.0.200.202406191456/tools/bin/../lib/gcc/arm-none-eabi/12.3.1/../../../../arm-none-eabi/lib/thumb/v7e-m+dp/hard/libc_nano.a(libc_a-lock.o)
                0x0800d10c                __retarget_lock_init_recursive
 .text.__retarget_lock_acquire_recursive
                0x0800d10e        0x2 /Applications/STM32CubeIDE.app/Contents/Eclipse/plugins/com.st.stm32cube.ide.mcu.externaltools.gnu-tools-for-stm32.12.3.rel1.macos64_1.0.200.202406191456/tools/bin/../lib/gcc/arm-none-eabi/12.3.1/../../../../arm-none-eabi/lib/thumb/v7e-m+dp/hard/libc_nano.a(libc_a-lock.o)
                0x0800d10e                __retarget_lock_acquire_recursive
 .text.__retarget_lock_release_recursive
                0x0800d110        0x2 /Applications/STM32CubeIDE.app/Contents/Eclipse/plugins/com.st.stm32cube.ide.mcu.externaltools.gnu-tools-for-stm32.12.3.rel1.macos64_1.0.200.202406191456/tools/bin/../lib/gcc/arm-none-eabi/12.3.1/../../../../arm-none-eabi/lib/thumb/v7e-m+dp/hard/libc_nano.a(libc_a-lock.o)
                0x0800d110                __retarget_lock_release_recursive
 .text.memcpy   0x0800d112       0x1c /Applications/STM32CubeIDE.app/Contents/Eclipse/plugins/com.st.stm32cube.ide.mcu.externaltools.gnu-tools-for-stm32.12.3.rel1.macos64_1.0.200.202406191456/tools/bin/../lib/gcc/arm-none-eabi/12.3.1/../../../../arm-none-eabi/lib/thumb/v7e-m+dp/hard/libc_nano.a(libc_a-memcpy-stub.o)
                0x0800d112                memcpy
 .text.system   0x0800d12e       0x12 /Applications/STM32CubeIDE.app/Contents/Eclipse/plugins/com.st.stm32cube.ide.mcu.externaltools.gnu-tools-for-stm32.12.3.rel1.macos64_1.0.200.202406191456/tools/bin/../lib/gcc/arm-none-eabi/12.3.1/../../../../arm-none-eabi/lib/thumb/v7e-m+dp/hard/libc_nano.a(libc_a-system.o)
                0x0800d12e                system
 .text.nan      0x0800d140       0x10 /Applications/STM32CubeIDE.app/Contents/Eclipse/plugins/com.st.stm32cube.ide.mcu.externaltools.gnu-tools-for-stm32.12.3.rel1.macos64_1.0.200.202406191456/tools/bin/../lib/gcc/arm-none-eabi/12.3.1/../../../../arm-none-eabi/lib/thumb/v7e-m+dp/hard/libc_nano.a(libm_a-s_nan.o)
                0x0800d140                nan
 .text.nanf     0x0800d150        0xc /Applications/STM32CubeIDE.app/Contents/Eclipse/plugins/com.st.stm32cube.ide.mcu.externaltools.gnu-tools-for-stm32.12.3.rel1.macos64_1.0.200.202406191456/tools/bin/../lib/gcc/arm-none-eabi/12.3.1/../../../../arm-none-eabi/lib/thumb/v7e-m+dp/hard/libc_nano.a(libm_a-sf_nan.o)
                0x0800d150                nanf
 .text.__assert_func
                0x0800d15c       0x3c /Applications/STM32CubeIDE.app/Contents/Eclipse/plugins/com.st.stm32cube.ide.mcu.externaltools.gnu-tools-for-stm32.12.3.rel1.macos64_1.0.200.202406191456/tools/bin/../lib/gcc/arm-none-eabi/12.3.1/../../../../arm-none-eabi/lib/thumb/v7e-m+dp/hard/libc_nano.a(libc_a-assert.o)
                0x0800d15c                __assert_func
 .text.quorem   0x0800d198      0x110 /Applications/STM32CubeIDE.app/Contents/Eclipse/plugins/com.st.stm32cube.ide.mcu.externaltools.gnu-tools-for-stm32.12.3.rel1.macos64_1.0.200.202406191456/tools/bin/../lib/gcc/arm-none-eabi/12.3.1/../../../../arm-none-eabi/lib/thumb/v7e-m+dp/hard/libc_nano.a(libc_a-dtoa.o)
 .text._dtoa_r  0x0800d2a8      0xaac /Applications/STM32CubeIDE.app/Contents/Eclipse/plugins/com.st.stm32cube.ide.mcu.externaltools.gnu-tools-for-stm32.12.3.rel1.macos64_1.0.200.202406191456/tools/bin/../lib/gcc/arm-none-eabi/12.3.1/../../../../arm-none-eabi/lib/thumb/v7e-m+dp/hard/libc_nano.a(libc_a-dtoa.o)
                0x0800d2a8                _dtoa_r
 .text._free_r  0x0800dd54       0x94 /Applications/STM32CubeIDE.app/Contents/Eclipse/plugins/com.st.stm32cube.ide.mcu.externaltools.gnu-tools-for-stm32.12.3.rel1.macos64_1.0.200.202406191456/tools/bin/../lib/gcc/arm-none-eabi/12.3.1/../../../../arm-none-eabi/lib/thumb/v7e-m+dp/hard/libc_nano.a(libc_a-freer.o)
                0x0800dd54                _free_r
 .text.rshift   0x0800dde8       0xa4 /Applications/STM32CubeIDE.app/Contents/Eclipse/plugins/com.st.stm32cube.ide.mcu.externaltools.gnu-tools-for-stm32.12.3.rel1.macos64_1.0.200.202406191456/tools/bin/../lib/gcc/arm-none-eabi/12.3.1/../../../../arm-none-eabi/lib/thumb/v7e-m+dp/hard/libc_nano.a(libc_a-gdtoa-gethex.o)
 .text.__hexdig_fun
                0x0800de8c       0x2a /Applications/STM32CubeIDE.app/Contents/Eclipse/plugins/com.st.stm32cube.ide.mcu.externaltools.gnu-tools-for-stm32.12.3.rel1.macos64_1.0.200.202406191456/tools/bin/../lib/gcc/arm-none-eabi/12.3.1/../../../../arm-none-eabi/lib/thumb/v7e-m+dp/hard/libc_nano.a(libc_a-gdtoa-gethex.o)
                0x0800de8c                __hexdig_fun
 *fill*         0x0800deb6        0x2 
 .text.__gethex
                0x0800deb8      0x420 /Applications/STM32CubeIDE.app/Contents/Eclipse/plugins/com.st.stm32cube.ide.mcu.externaltools.gnu-tools-for-stm32.12.3.rel1.macos64_1.0.200.202406191456/tools/bin/../lib/gcc/arm-none-eabi/12.3.1/../../../../arm-none-eabi/lib/thumb/v7e-m+dp/hard/libc_nano.a(libc_a-gdtoa-gethex.o)
                0x0800deb8                __gethex
 .text.L_shift  0x0800e2d8       0x24 /Applications/STM32CubeIDE.app/Contents/Eclipse/plugins/com.st.stm32cube.ide.mcu.externaltools.gnu-tools-for-stm32.12.3.rel1.macos64_1.0.200.202406191456/tools/bin/../lib/gcc/arm-none-eabi/12.3.1/../../../../arm-none-eabi/lib/thumb/v7e-m+dp/hard/libc_nano.a(libc_a-gdtoa-hexnan.o)
 .text.__match  0x0800e2fc       0x28 /Applications/STM32CubeIDE.app/Contents/Eclipse/plugins/com.st.stm32cube.ide.mcu.externaltools.gnu-tools-for-stm32.12.3.rel1.macos64_1.0.200.202406191456/tools/bin/../lib/gcc/arm-none-eabi/12.3.1/../../../../arm-none-eabi/lib/thumb/v7e-m+dp/hard/libc_nano.a(libc_a-gdtoa-hexnan.o)
                0x0800e2fc                __match
 .text.__hexnan
                0x0800e324      0x136 /Applications/STM32CubeIDE.app/Contents/Eclipse/plugins/com.st.stm32cube.ide.mcu.externaltools.gnu-tools-for-stm32.12.3.rel1.macos64_1.0.200.202406191456/tools/bin/../lib/gcc/arm-none-eabi/12.3.1/../../../../arm-none-eabi/lib/thumb/v7e-m+dp/hard/libc_nano.a(libc_a-gdtoa-hexnan.o)
                0x0800e324                __hexnan
 .text.__ssputs_r
                0x0800e45a       0xb6 /Applications/STM32CubeIDE.app/Contents/Eclipse/plugins/com.st.stm32cube.ide.mcu.externaltools.gnu-tools-for-stm32.12.3.rel1.macos64_1.0.200.202406191456/tools/bin/../lib/gcc/arm-none-eabi/12.3.1/../../../../arm-none-eabi/lib/thumb/v7e-m+dp/hard/libc_nano.a(libc_a-nano-svfprintf.o)
                0x0800e45a                __ssputs_r
 .text._svfprintf_r
                0x0800e510      0x1f8 /Applications/STM32CubeIDE.app/Contents/Eclipse/plugins/com.st.stm32cube.ide.mcu.externaltools.gnu-tools-for-stm32.12.3.rel1.macos64_1.0.200.202406191456/tools/bin/../lib/gcc/arm-none-eabi/12.3.1/../../../../arm-none-eabi/lib/thumb/v7e-m+dp/hard/libc_nano.a(libc_a-nano-svfprintf.o)
                0x0800e510                _svfprintf_r
                0x0800e510                _svfiprintf_r
 .text.__sfputc_r
                0x0800e708       0x2e /Applications/STM32CubeIDE.app/Contents/Eclipse/plugins/com.st.stm32cube.ide.mcu.externaltools.gnu-tools-for-stm32.12.3.rel1.macos64_1.0.200.202406191456/tools/bin/../lib/gcc/arm-none-eabi/12.3.1/../../../../arm-none-eabi/lib/thumb/v7e-m+dp/hard/libc_nano.a(libc_a-nano-vfprintf.o)
 .text.__sfputs_r
                0x0800e736       0x24 /Applications/STM32CubeIDE.app/Contents/Eclipse/plugins/com.st.stm32cube.ide.mcu.externaltools.gnu-tools-for-stm32.12.3.rel1.macos64_1.0.200.202406191456/tools/bin/../lib/gcc/arm-none-eabi/12.3.1/../../../../arm-none-eabi/lib/thumb/v7e-m+dp/hard/libc_nano.a(libc_a-nano-vfprintf.o)
                0x0800e736                __sfputs_r
 *fill*         0x0800e75a        0x2 
 .text._vfprintf_r
                0x0800e75c      0x230 /Applications/STM32CubeIDE.app/Contents/Eclipse/plugins/com.st.stm32cube.ide.mcu.externaltools.gnu-tools-for-stm32.12.3.rel1.macos64_1.0.200.202406191456/tools/bin/../lib/gcc/arm-none-eabi/12.3.1/../../../../arm-none-eabi/lib/thumb/v7e-m+dp/hard/libc_nano.a(libc_a-nano-vfprintf.o)
                0x0800e75c                _vfiprintf_r
                0x0800e75c                _vfprintf_r
 .text.__ascii_mbtowc
                0x0800e98c       0x24 /Applications/STM32CubeIDE.app/Contents/Eclipse/plugins/com.st.stm32cube.ide.mcu.externaltools.gnu-tools-for-stm32.12.3.rel1.macos64_1.0.200.202406191456/tools/bin/../lib/gcc/arm-none-eabi/12.3.1/../../../../arm-none-eabi/lib/thumb/v7e-m+dp/hard/libc_nano.a(libc_a-mbtowc_r.o)
                0x0800e98c                __ascii_mbtowc
 .text.__sflush_r
                0x0800e9b0      0x108 /Applications/STM32CubeIDE.app/Contents/Eclipse/plugins/com.st.stm32cube.ide.mcu.externaltools.gnu-tools-for-stm32.12.3.rel1.macos64_1.0.200.202406191456/tools/bin/../lib/gcc/arm-none-eabi/12.3.1/../../../../arm-none-eabi/lib/thumb/v7e-m+dp/hard/libc_nano.a(libc_a-fflush.o)
                0x0800e9b0                __sflush_r
 .text._fflush_r
                0x0800eab8       0x50 /Applications/STM32CubeIDE.app/Contents/Eclipse/plugins/com.st.stm32cube.ide.mcu.externaltools.gnu-tools-for-stm32.12.3.rel1.macos64_1.0.200.202406191456/tools/bin/../lib/gcc/arm-none-eabi/12.3.1/../../../../arm-none-eabi/lib/thumb/v7e-m+dp/hard/libc_nano.a(libc_a-fflush.o)
                0x0800eab8                _fflush_r
 .text._Balloc  0x0800eb08       0x80 /Applications/STM32CubeIDE.app/Contents/Eclipse/plugins/com.st.stm32cube.ide.mcu.externaltools.gnu-tools-for-stm32.12.3.rel1.macos64_1.0.200.202406191456/tools/bin/../lib/gcc/arm-none-eabi/12.3.1/../../../../arm-none-eabi/lib/thumb/v7e-m+dp/hard/libc_nano.a(libc_a-mprec.o)
                0x0800eb08                _Balloc
 .text._Bfree   0x0800eb88       0x44 /Applications/STM32CubeIDE.app/Contents/Eclipse/plugins/com.st.stm32cube.ide.mcu.externaltools.gnu-tools-for-stm32.12.3.rel1.macos64_1.0.200.202406191456/tools/bin/../lib/gcc/arm-none-eabi/12.3.1/../../../../arm-none-eabi/lib/thumb/v7e-m+dp/hard/libc_nano.a(libc_a-mprec.o)
                0x0800eb88                _Bfree
 .text.__multadd
                0x0800ebcc       0x8c /Applications/STM32CubeIDE.app/Contents/Eclipse/plugins/com.st.stm32cube.ide.mcu.externaltools.gnu-tools-for-stm32.12.3.rel1.macos64_1.0.200.202406191456/tools/bin/../lib/gcc/arm-none-eabi/12.3.1/../../../../arm-none-eabi/lib/thumb/v7e-m+dp/hard/libc_nano.a(libc_a-mprec.o)
                0x0800ebcc                __multadd
 .text.__s2b    0x0800ec58       0x94 /Applications/STM32CubeIDE.app/Contents/Eclipse/plugins/com.st.stm32cube.ide.mcu.externaltools.gnu-tools-for-stm32.12.3.rel1.macos64_1.0.200.202406191456/tools/bin/../lib/gcc/arm-none-eabi/12.3.1/../../../../arm-none-eabi/lib/thumb/v7e-m+dp/hard/libc_nano.a(libc_a-mprec.o)
                0x0800ec58                __s2b
 .text.__hi0bits
                0x0800ecec       0x3e /Applications/STM32CubeIDE.app/Contents/Eclipse/plugins/com.st.stm32cube.ide.mcu.externaltools.gnu-tools-for-stm32.12.3.rel1.macos64_1.0.200.202406191456/tools/bin/../lib/gcc/arm-none-eabi/12.3.1/../../../../arm-none-eabi/lib/thumb/v7e-m+dp/hard/libc_nano.a(libc_a-mprec.o)
                0x0800ecec                __hi0bits
 .text.__lo0bits
                0x0800ed2a       0x5a /Applications/STM32CubeIDE.app/Contents/Eclipse/plugins/com.st.stm32cube.ide.mcu.externaltools.gnu-tools-for-stm32.12.3.rel1.macos64_1.0.200.202406191456/tools/bin/../lib/gcc/arm-none-eabi/12.3.1/../../../../arm-none-eabi/lib/thumb/v7e-m+dp/hard/libc_nano.a(libc_a-mprec.o)
                0x0800ed2a                __lo0bits
 .text.__i2b    0x0800ed84       0x2c /Applications/STM32CubeIDE.app/Contents/Eclipse/plugins/com.st.stm32cube.ide.mcu.externaltools.gnu-tools-for-stm32.12.3.rel1.macos64_1.0.200.202406191456/tools/bin/../lib/gcc/arm-none-eabi/12.3.1/../../../../arm-none-eabi/lib/thumb/v7e-m+dp/hard/libc_nano.a(libc_a-mprec.o)
                0x0800ed84                __i2b
 .text.__multiply
                0x0800edb0      0x154 /Applications/STM32CubeIDE.app/Contents/Eclipse/plugins/com.st.stm32cube.ide.mcu.externaltools.gnu-tools-for-stm32.12.3.rel1.macos64_1.0.200.202406191456/tools/bin/../lib/gcc/arm-none-eabi/12.3.1/../../../../arm-none-eabi/lib/thumb/v7e-m+dp/hard/libc_nano.a(libc_a-mprec.o)
                0x0800edb0                __multiply
 .text.__pow5mult
                0x0800ef04       0xb4 /Applications/STM32CubeIDE.app/Contents/Eclipse/plugins/com.st.stm32cube.ide.mcu.externaltools.gnu-tools-for-stm32.12.3.rel1.macos64_1.0.200.202406191456/tools/bin/../lib/gcc/arm-none-eabi/12.3.1/../../../../arm-none-eabi/lib/thumb/v7e-m+dp/hard/libc_nano.a(libc_a-mprec.o)
                0x0800ef04                __pow5mult
 .text.__lshift
                0x0800efb8       0xd8 /Applications/STM32CubeIDE.app/Contents/Eclipse/plugins/com.st.stm32cube.ide.mcu.externaltools.gnu-tools-for-stm32.12.3.rel1.macos64_1.0.200.202406191456/tools/bin/../lib/gcc/arm-none-eabi/12.3.1/../../../../arm-none-eabi/lib/thumb/v7e-m+dp/hard/libc_nano.a(libc_a-mprec.o)
                0x0800efb8                __lshift
 .text.__mcmp   0x0800f090       0x36 /Applications/STM32CubeIDE.app/Contents/Eclipse/plugins/com.st.stm32cube.ide.mcu.externaltools.gnu-tools-for-stm32.12.3.rel1.macos64_1.0.200.202406191456/tools/bin/../lib/gcc/arm-none-eabi/12.3.1/../../../../arm-none-eabi/lib/thumb/v7e-m+dp/hard/libc_nano.a(libc_a-mprec.o)
                0x0800f090                __mcmp
 *fill*         0x0800f0c6        0x2 
 .text.__mdiff  0x0800f0c8      0x128 /Applications/STM32CubeIDE.app/Contents/Eclipse/plugins/com.st.stm32cube.ide.mcu.externaltools.gnu-tools-for-stm32.12.3.rel1.macos64_1.0.200.202406191456/tools/bin/../lib/gcc/arm-none-eabi/12.3.1/../../../../arm-none-eabi/lib/thumb/v7e-m+dp/hard/libc_nano.a(libc_a-mprec.o)
                0x0800f0c8                __mdiff
 .text.__ulp    0x0800f1f0       0x4c /Applications/STM32CubeIDE.app/Contents/Eclipse/plugins/com.st.stm32cube.ide.mcu.externaltools.gnu-tools-for-stm32.12.3.rel1.macos64_1.0.200.202406191456/tools/bin/../lib/gcc/arm-none-eabi/12.3.1/../../../../arm-none-eabi/lib/thumb/v7e-m+dp/hard/libc_nano.a(libc_a-mprec.o)
                0x0800f1f0                __ulp
 .text.__b2d    0x0800f23c       0x94 /Applications/STM32CubeIDE.app/Contents/Eclipse/plugins/com.st.stm32cube.ide.mcu.externaltools.gnu-tools-for-stm32.12.3.rel1.macos64_1.0.200.202406191456/tools/bin/../lib/gcc/arm-none-eabi/12.3.1/../../../../arm-none-eabi/lib/thumb/v7e-m+dp/hard/libc_nano.a(libc_a-mprec.o)
                0x0800f23c                __b2d
 .text.__d2b    0x0800f2d0       0xb0 /Applications/STM32CubeIDE.app/Contents/Eclipse/plugins/com.st.stm32cube.ide.mcu.externaltools.gnu-tools-for-stm32.12.3.rel1.macos64_1.0.200.202406191456/tools/bin/../lib/gcc/arm-none-eabi/12.3.1/../../../../arm-none-eabi/lib/thumb/v7e-m+dp/hard/libc_nano.a(libc_a-mprec.o)
                0x0800f2d0                __d2b
 .text.__ratio  0x0800f380       0x5e /Applications/STM32CubeIDE.app/Contents/Eclipse/plugins/com.st.stm32cube.ide.mcu.externaltools.gnu-tools-for-stm32.12.3.rel1.macos64_1.0.200.202406191456/tools/bin/../lib/gcc/arm-none-eabi/12.3.1/../../../../arm-none-eabi/lib/thumb/v7e-m+dp/hard/libc_nano.a(libc_a-mprec.o)
                0x0800f380                __ratio
 .text.__copybits
                0x0800f3de       0x46 /Applications/STM32CubeIDE.app/Contents/Eclipse/plugins/com.st.stm32cube.ide.mcu.externaltools.gnu-tools-for-stm32.12.3.rel1.macos64_1.0.200.202406191456/tools/bin/../lib/gcc/arm-none-eabi/12.3.1/../../../../arm-none-eabi/lib/thumb/v7e-m+dp/hard/libc_nano.a(libc_a-mprec.o)
                0x0800f3de                __copybits
 .text.__any_on
                0x0800f424       0x42 /Applications/STM32CubeIDE.app/Contents/Eclipse/plugins/com.st.stm32cube.ide.mcu.externaltools.gnu-tools-for-stm32.12.3.rel1.macos64_1.0.200.202406191456/tools/bin/../lib/gcc/arm-none-eabi/12.3.1/../../../../arm-none-eabi/lib/thumb/v7e-m+dp/hard/libc_nano.a(libc_a-mprec.o)
                0x0800f424                __any_on
 .text.__sread  0x0800f466       0x22 /Applications/STM32CubeIDE.app/Contents/Eclipse/plugins/com.st.stm32cube.ide.mcu.externaltools.gnu-tools-for-stm32.12.3.rel1.macos64_1.0.200.202406191456/tools/bin/../lib/gcc/arm-none-eabi/12.3.1/../../../../arm-none-eabi/lib/thumb/v7e-m+dp/hard/libc_nano.a(libc_a-stdio.o)
                0x0800f466                __sread
 .text.__swrite
                0x0800f488       0x38 /Applications/STM32CubeIDE.app/Contents/Eclipse/plugins/com.st.stm32cube.ide.mcu.externaltools.gnu-tools-for-stm32.12.3.rel1.macos64_1.0.200.202406191456/tools/bin/../lib/gcc/arm-none-eabi/12.3.1/../../../../arm-none-eabi/lib/thumb/v7e-m+dp/hard/libc_nano.a(libc_a-stdio.o)
                0x0800f488                __swrite
 .text.__sseek  0x0800f4c0       0x24 /Applications/STM32CubeIDE.app/Contents/Eclipse/plugins/com.st.stm32cube.ide.mcu.externaltools.gnu-tools-for-stm32.12.3.rel1.macos64_1.0.200.202406191456/tools/bin/../lib/gcc/arm-none-eabi/12.3.1/../../../../arm-none-eabi/lib/thumb/v7e-m+dp/hard/libc_nano.a(libc_a-stdio.o)
                0x0800f4c0                __sseek
 .text.__sclose
                0x0800f4e4        0x8 /Applications/STM32CubeIDE.app/Contents/Eclipse/plugins/com.st.stm32cube.ide.mcu.externaltools.gnu-tools-for-stm32.12.3.rel1.macos64_1.0.200.202406191456/tools/bin/../lib/gcc/arm-none-eabi/12.3.1/../../../../arm-none-eabi/lib/thumb/v7e-m+dp/hard/libc_nano.a(libc_a-stdio.o)
                0x0800f4e4                __sclose
 .text.fprintf  0x0800f4ec       0x24 /Applications/STM32CubeIDE.app/Contents/Eclipse/plugins/com.st.stm32cube.ide.mcu.externaltools.gnu-tools-for-stm32.12.3.rel1.macos64_1.0.200.202406191456/tools/bin/../lib/gcc/arm-none-eabi/12.3.1/../../../../arm-none-eabi/lib/thumb/v7e-m+dp/hard/libc_nano.a(libc_a-fprintf.o)
                0x0800f4ec                fprintf
                0x0800f4ec                fiprintf
 .text._realloc_r
                0x0800f510       0x5c /Applications/STM32CubeIDE.app/Contents/Eclipse/plugins/com.st.stm32cube.ide.mcu.externaltools.gnu-tools-for-stm32.12.3.rel1.macos64_1.0.200.202406191456/tools/bin/../lib/gcc/arm-none-eabi/12.3.1/../../../../arm-none-eabi/lib/thumb/v7e-m+dp/hard/libc_nano.a(libc_a-reallocr.o)
                0x0800f510                _realloc_r
 .text.__swbuf_r
                0x0800f56c       0x7c /Applications/STM32CubeIDE.app/Contents/Eclipse/plugins/com.st.stm32cube.ide.mcu.externaltools.gnu-tools-for-stm32.12.3.rel1.macos64_1.0.200.202406191456/tools/bin/../lib/gcc/arm-none-eabi/12.3.1/../../../../arm-none-eabi/lib/thumb/v7e-m+dp/hard/libc_nano.a(libc_a-wbuf.o)
                0x0800f56c                __swbuf_r
 .text.__swsetup_r
                0x0800f5e8       0xac /Applications/STM32CubeIDE.app/Contents/Eclipse/plugins/com.st.stm32cube.ide.mcu.externaltools.gnu-tools-for-stm32.12.3.rel1.macos64_1.0.200.202406191456/tools/bin/../lib/gcc/arm-none-eabi/12.3.1/../../../../arm-none-eabi/lib/thumb/v7e-m+dp/hard/libc_nano.a(libc_a-wsetup.o)
                0x0800f5e8                __swsetup_r
 .text.__ascii_wctomb
                0x0800f694       0x1a /Applications/STM32CubeIDE.app/Contents/Eclipse/plugins/com.st.stm32cube.ide.mcu.externaltools.gnu-tools-for-stm32.12.3.rel1.macos64_1.0.200.202406191456/tools/bin/../lib/gcc/arm-none-eabi/12.3.1/../../../../arm-none-eabi/lib/thumb/v7e-m+dp/hard/libc_nano.a(libc_a-wctomb_r.o)
                0x0800f694                __ascii_wctomb
 .text.__swhatbuf_r
                0x0800f6ae       0x4c /Applications/STM32CubeIDE.app/Contents/Eclipse/plugins/com.st.stm32cube.ide.mcu.externaltools.gnu-tools-for-stm32.12.3.rel1.macos64_1.0.200.202406191456/tools/bin/../lib/gcc/arm-none-eabi/12.3.1/../../../../arm-none-eabi/lib/thumb/v7e-m+dp/hard/libc_nano.a(libc_a-makebuf.o)
                0x0800f6ae                __swhatbuf_r
 .text.__smakebuf_r
                0x0800f6fa       0x78 /Applications/STM32CubeIDE.app/Contents/Eclipse/plugins/com.st.stm32cube.ide.mcu.externaltools.gnu-tools-for-stm32.12.3.rel1.macos64_1.0.200.202406191456/tools/bin/../lib/gcc/arm-none-eabi/12.3.1/../../../../arm-none-eabi/lib/thumb/v7e-m+dp/hard/libc_nano.a(libc_a-makebuf.o)
                0x0800f6fa                __smakebuf_r
 .text._putc_r  0x0800f772       0x68 /Applications/STM32CubeIDE.app/Contents/Eclipse/plugins/com.st.stm32cube.ide.mcu.externaltools.gnu-tools-for-stm32.12.3.rel1.macos64_1.0.200.202406191456/tools/bin/../lib/gcc/arm-none-eabi/12.3.1/../../../../arm-none-eabi/lib/thumb/v7e-m+dp/hard/libc_nano.a(libc_a-putc.o)
                0x0800f772                _putc_r
 .text.memmove  0x0800f7da       0x34 /Applications/STM32CubeIDE.app/Contents/Eclipse/plugins/com.st.stm32cube.ide.mcu.externaltools.gnu-tools-for-stm32.12.3.rel1.macos64_1.0.200.202406191456/tools/bin/../lib/gcc/arm-none-eabi/12.3.1/../../../../arm-none-eabi/lib/thumb/v7e-m+dp/hard/libc_nano.a(libc_a-memmove.o)
                0x0800f7da                memmove
 *fill*         0x0800f80e        0x2 
 .text._close_r
                0x0800f810       0x20 /Applications/STM32CubeIDE.app/Contents/Eclipse/plugins/com.st.stm32cube.ide.mcu.externaltools.gnu-tools-for-stm32.12.3.rel1.macos64_1.0.200.202406191456/tools/bin/../lib/gcc/arm-none-eabi/12.3.1/../../../../arm-none-eabi/lib/thumb/v7e-m+dp/hard/libc_nano.a(libc_a-closer.o)
                0x0800f810                _close_r
 .text._fstat_r
                0x0800f830       0x24 /Applications/STM32CubeIDE.app/Contents/Eclipse/plugins/com.st.stm32cube.ide.mcu.externaltools.gnu-tools-for-stm32.12.3.rel1.macos64_1.0.200.202406191456/tools/bin/../lib/gcc/arm-none-eabi/12.3.1/../../../../arm-none-eabi/lib/thumb/v7e-m+dp/hard/libc_nano.a(libc_a-fstatr.o)
                0x0800f830                _fstat_r
 .text._isatty_r
                0x0800f854       0x20 /Applications/STM32CubeIDE.app/Contents/Eclipse/plugins/com.st.stm32cube.ide.mcu.externaltools.gnu-tools-for-stm32.12.3.rel1.macos64_1.0.200.202406191456/tools/bin/../lib/gcc/arm-none-eabi/12.3.1/../../../../arm-none-eabi/lib/thumb/v7e-m+dp/hard/libc_nano.a(libc_a-isattyr.o)
                0x0800f854                _isatty_r
 .text._lseek_r
                0x0800f874       0x24 /Applications/STM32CubeIDE.app/Contents/Eclipse/plugins/com.st.stm32cube.ide.mcu.externaltools.gnu-tools-for-stm32.12.3.rel1.macos64_1.0.200.202406191456/tools/bin/../lib/gcc/arm-none-eabi/12.3.1/../../../../arm-none-eabi/lib/thumb/v7e-m+dp/hard/libc_nano.a(libc_a-lseekr.o)
                0x0800f874                _lseek_r
 .text._read_r  0x0800f898       0x24 /Applications/STM32CubeIDE.app/Contents/Eclipse/plugins/com.st.stm32cube.ide.mcu.externaltools.gnu-tools-for-stm32.12.3.rel1.macos64_1.0.200.202406191456/tools/bin/../lib/gcc/arm-none-eabi/12.3.1/../../../../arm-none-eabi/lib/thumb/v7e-m+dp/hard/libc_nano.a(libc_a-readr.o)
                0x0800f898                _read_r
 .text._write_r
                0x0800f8bc       0x24 /Applications/STM32CubeIDE.app/Contents/Eclipse/plugins/com.st.stm32cube.ide.mcu.externaltools.gnu-tools-for-stm32.12.3.rel1.macos64_1.0.200.202406191456/tools/bin/../lib/gcc/arm-none-eabi/12.3.1/../../../../arm-none-eabi/lib/thumb/v7e-m+dp/hard/libc_nano.a(libc_a-writer.o)
                0x0800f8bc                _write_r
 .text.abort    0x0800f8e0        0xe /Applications/STM32CubeIDE.app/Contents/Eclipse/plugins/com.st.stm32cube.ide.mcu.externaltools.gnu-tools-for-stm32.12.3.rel1.macos64_1.0.200.202406191456/tools/bin/../lib/gcc/arm-none-eabi/12.3.1/../../../../arm-none-eabi/lib/thumb/v7e-m+dp/hard/libc_nano.a(libc_a-abort.o)
                0x0800f8e0                abort
 .text._calloc_r
                0x0800f8ee       0x28 /Applications/STM32CubeIDE.app/Contents/Eclipse/plugins/com.st.stm32cube.ide.mcu.externaltools.gnu-tools-for-stm32.12.3.rel1.macos64_1.0.200.202406191456/tools/bin/../lib/gcc/arm-none-eabi/12.3.1/../../../../arm-none-eabi/lib/thumb/v7e-m+dp/hard/libc_nano.a(libc_a-callocr.o)
                0x0800f8ee                _calloc_r
 .text._malloc_usable_size_r
                0x0800f916       0x10 /Applications/STM32CubeIDE.app/Contents/Eclipse/plugins/com.st.stm32cube.ide.mcu.externaltools.gnu-tools-for-stm32.12.3.rel1.macos64_1.0.200.202406191456/tools/bin/../lib/gcc/arm-none-eabi/12.3.1/../../../../arm-none-eabi/lib/thumb/v7e-m+dp/hard/libc_nano.a(libc_a-msizer.o)
                0x0800f916                _malloc_usable_size_r
 .text._raise_r
                0x0800f926       0x50 /Applications/STM32CubeIDE.app/Contents/Eclipse/plugins/com.st.stm32cube.ide.mcu.externaltools.gnu-tools-for-stm32.12.3.rel1.macos64_1.0.200.202406191456/tools/bin/../lib/gcc/arm-none-eabi/12.3.1/../../../../arm-none-eabi/lib/thumb/v7e-m+dp/hard/libc_nano.a(libc_a-signal.o)
                0x0800f926                _raise_r
 *fill*         0x0800f976        0x2 
 .text.raise    0x0800f978       0x10 /Applications/STM32CubeIDE.app/Contents/Eclipse/plugins/com.st.stm32cube.ide.mcu.externaltools.gnu-tools-for-stm32.12.3.rel1.macos64_1.0.200.202406191456/tools/bin/../lib/gcc/arm-none-eabi/12.3.1/../../../../arm-none-eabi/lib/thumb/v7e-m+dp/hard/libc_nano.a(libc_a-signal.o)
                0x0800f978                raise
 .text._kill_r  0x0800f988       0x24 /Applications/STM32CubeIDE.app/Contents/Eclipse/plugins/com.st.stm32cube.ide.mcu.externaltools.gnu-tools-for-stm32.12.3.rel1.macos64_1.0.200.202406191456/tools/bin/../lib/gcc/arm-none-eabi/12.3.1/../../../../arm-none-eabi/lib/thumb/v7e-m+dp/hard/libc_nano.a(libc_a-signalr.o)
                0x0800f988                _kill_r
 .text._getpid_r
                0x0800f9ac        0x4 /Applications/STM32CubeIDE.app/Contents/Eclipse/plugins/com.st.stm32cube.ide.mcu.externaltools.gnu-tools-for-stm32.12.3.rel1.macos64_1.0.200.202406191456/tools/bin/../lib/gcc/arm-none-eabi/12.3.1/../../../../arm-none-eabi/lib/thumb/v7e-m+dp/hard/libc_nano.a(libc_a-signalr.o)
                0x0800f9ac                _getpid_r
 *(.glue_7)
 .glue_7        0x0800f9b0        0x0 linker stubs
 *(.glue_7t)
 .glue_7t       0x0800f9b0        0x0 linker stubs
 *(.eh_frame)
 .eh_frame      0x0800f9b0        0x0 /Applications/STM32CubeIDE.app/Contents/Eclipse/plugins/com.st.stm32cube.ide.mcu.externaltools.gnu-tools-for-stm32.12.3.rel1.macos64_1.0.200.202406191456/tools/bin/../lib/gcc/arm-none-eabi/12.3.1/thumb/v7e-m+dp/hard/crtbegin.o
 *(.init)
 .init          0x0800f9b0        0x4 /Applications/STM32CubeIDE.app/Contents/Eclipse/plugins/com.st.stm32cube.ide.mcu.externaltools.gnu-tools-for-stm32.12.3.rel1.macos64_1.0.200.202406191456/tools/bin/../lib/gcc/arm-none-eabi/12.3.1/thumb/v7e-m+dp/hard/crti.o
                0x0800f9b0                _init
 .init          0x0800f9b4        0x8 /Applications/STM32CubeIDE.app/Contents/Eclipse/plugins/com.st.stm32cube.ide.mcu.externaltools.gnu-tools-for-stm32.12.3.rel1.macos64_1.0.200.202406191456/tools/bin/../lib/gcc/arm-none-eabi/12.3.1/thumb/v7e-m+dp/hard/crtn.o
 *(.fini)
 .fini          0x0800f9bc        0x4 /Applications/STM32CubeIDE.app/Contents/Eclipse/plugins/com.st.stm32cube.ide.mcu.externaltools.gnu-tools-for-stm32.12.3.rel1.macos64_1.0.200.202406191456/tools/bin/../lib/gcc/arm-none-eabi/12.3.1/thumb/v7e-m+dp/hard/crti.o
                0x0800f9bc                _fini
 .fini          0x0800f9c0        0x8 /Applications/STM32CubeIDE.app/Contents/Eclipse/plugins/com.st.stm32cube.ide.mcu.externaltools.gnu-tools-for-stm32.12.3.rel1.macos64_1.0.200.202406191456/tools/bin/../lib/gcc/arm-none-eabi/12.3.1/thumb/v7e-m+dp/hard/crtn.o
                0x0800f9c8                        . = ALIGN (0x4)
                0x0800f9c8                        _etext = .

.vfp11_veneer   0x0800f9c8        0x0
 .vfp11_veneer  0x0800f9c8        0x0 linker stubs

.v4_bx          0x0800f9c8        0x0
 .v4_bx         0x0800f9c8        0x0 linker stubs

.iplt           0x0800f9c8        0x0
 .iplt          0x0800f9c8        0x0 /Applications/STM32CubeIDE.app/Contents/Eclipse/plugins/com.st.stm32cube.ide.mcu.externaltools.gnu-tools-for-stm32.12.3.rel1.macos64_1.0.200.202406191456/tools/bin/../lib/gcc/arm-none-eabi/12.3.1/thumb/v7e-m+dp/hard/crtbegin.o

.rodata         0x0800f9c8     0x1200
                0x0800f9c8                        . = ALIGN (0x4)
 *(.rodata)
 .rodata        0x0800f9c8       0xd1 ./Core/Src/main.o
 *fill*         0x0800fa99        0x3 
 .rodata        0x0800fa9c       0xad ./Drivers/ILI9341/draw_poker.o
 *fill*         0x0800fb49        0x3 
 .rodata        0x0800fb4c       0xab ./Drivers/ILI9341/joystick.o
 *fill*         0x0800fbf7        0x1 
 .rodata        0x0800fbf8      0x4c4 ./Drivers/ILI9341/poker.o
 .rodata        0x080100bc      0x179 ./Drivers/ILI9341/rfid.o
 *(.rodata*)
 *fill*         0x08010235        0x3 
 .rodata.AHBPrescTable
                0x08010238       0x10 ./Core/Src/system_stm32f7xx.o
                0x08010238                AHBPrescTable
 .rodata.APBPrescTable
                0x08010248        0x8 ./Core/Src/system_stm32f7xx.o
                0x08010248                APBPrescTable
 .rodata.font   0x08010250      0x240 ./Drivers/ILI9341/ILI9341_GFX.o
 .rodata.rankValues
                0x08010490       0x34 ./Drivers/ILI9341/poker.o
                0x08010490                rankValues
 .rodata.SPADE  0x080104c4       0x80 ./Drivers/ILI9341/poker.o
                0x080104c4                SPADE
 .rodata.DIAMOND
                0x08010544       0x80 ./Drivers/ILI9341/poker.o
                0x08010544                DIAMOND
 .rodata.HEART  0x080105c4       0x80 ./Drivers/ILI9341/poker.o
                0x080105c4                HEART
 .rodata.CLUB   0x08010644       0x80 ./Drivers/ILI9341/poker.o
                0x08010644                CLUB
 .rodata.MENU   0x080106c4       0x80 ./Drivers/ILI9341/poker.o
                0x080106c4                MENU
 .rodata._printf_float.str1.1