../Drivers/ILI9341/draw_poker.c:13:6:resetScreen	8	static
../Drivers/ILI9341/draw_poker.c:21:6:resetTouchScreen	8	static
../Drivers/ILI9341/draw_poker.c:28:6:setScreen	16	static
../Drivers/ILI9341/draw_poker.c:50:6:setTouchScreen	16	static
../Drivers/ILI9341/draw_poker.c:69:6:drawPlayerCard	8	static
../Drivers/ILI9341/draw_poker.c:74:6:displayHand	168	static
../Drivers/ILI9341/draw_poker.c:100:6:displayPokerHand	120	static
../Drivers/ILI9341/draw_poker.c:112:6:displayWinnerPlayer	120	static
../Drivers/ILI9341/draw_poker.c:125:6:disPlayCommunityCard	16	static
../Drivers/ILI9341/draw_poker.c:156:6:Process_Touch	144	static
../Drivers/ILI9341/draw_poker.c:180:9:Check_Touch	16	static
../Drivers/ILI9341/draw_poker.c:200:6:displayMenu	88	static
../Drivers/ILI9341/draw_poker.c:218:5:selectedChoice	16	static
../Drivers/ILI9341/draw_poker.c:237:6:displayBet	48	static
../Drivers/ILI9341/draw_poker.c:249:6:processBet	144	static
