../Drivers/ILI9341/ILI9341_Touchscreen.c:86:10:TP_Read	16	static
../Drivers/ILI9341/ILI9341_Touchscreen.c:110:6:TP_Write	24	static
../Drivers/ILI9341/ILI9341_Touchscreen.c:137:9:TP_Read_Coordinates	48	static
../Drivers/ILI9341/ILI9341_Touchscreen.c:209:9:TP_Touchpad_Pressed	8	static
../Drivers/ILI9341/ILI9341_Touchscreen.c:221:9:TP_Touchpad2_Pressed	8	static
../Drivers/ILI9341/ILI9341_Touchscreen.c:233:9:TP_Touchpad3_Pressed	8	static
../Drivers/ILI9341/ILI9341_Touchscreen.c:245:9:TP_Touchpad4_Pressed	8	static
