../Drivers/ILI9341/ILI9341_STM32_Driver.c:94:6:ILI9341_SPI_Init	8	static
../Drivers/ILI9341/ILI9341_STM32_Driver.c:106:6:ILI9341_SPI_Send	16	static
../Drivers/ILI9341/ILI9341_STM32_Driver.c:112:6:ILI9341_Write_Command	16	static
../Drivers/ILI9341/ILI9341_STM32_Driver.c:121:6:ILI9341_Write_Data	16	static
../Drivers/ILI9341/ILI9341_STM32_Driver.c:130:6:ILI9341_Set_Address	24	static
../Drivers/ILI9341/ILI9341_STM32_Driver.c:148:6:ILI9341_Reset	8	static
../Drivers/ILI9341/ILI9341_STM32_Driver.c:162:6:ILI9341_Set_Rotation	24	static
../Drivers/ILI9341/ILI9341_STM32_Driver.c:199:6:ILI9341_Enable	8	static
../Drivers/ILI9341/ILI9341_STM32_Driver.c:205:6:ILI9341_Init	8	static
../Drivers/ILI9341/ILI9341_STM32_Driver.c:345:6:ILI9341_Draw_Colour	24	static
../Drivers/ILI9341/ILI9341_STM32_Driver.c:357:6:ILI9341_Draw_Colour_Burst	80	dynamic
../Drivers/ILI9341/ILI9341_STM32_Driver.c:401:6:ILI9341_Fill_Screen	16	static
../Drivers/ILI9341/ILI9341_STM32_Driver.c:413:6:ILI9341_Draw_Pixel	32	static
../Drivers/ILI9341/ILI9341_STM32_Driver.c:464:6:ILI9341_Draw_Rectangle	24	static
../Drivers/ILI9341/ILI9341_STM32_Driver.c:480:6:ILI9341_Draw_Horizontal_Line	24	static
../Drivers/ILI9341/ILI9341_STM32_Driver.c:492:6:ILI9341_Draw_Vertical_Line	24	static
../Drivers/ILI9341/ILI9341_STM32_Driver.c:503:6:ILI9341_Draw_Symbol	32	static
../Drivers/ILI9341/ILI9341_STM32_Driver.c:524:6:ILI9341_Draw_FirstCard	32	static
../Drivers/ILI9341/ILI9341_STM32_Driver.c:529:6:ILI9341_Draw_SecondCard	32	static
../Drivers/ILI9341/ILI9341_STM32_Driver.c:534:6:ILI9341_Draw_CommunityCards	24	static
