../Drivers/ILI9341/poker.c:212:6:teraPrint	16	static
../Drivers/ILI9341/poker.c:217:6:initializeGame	16	static
../Drivers/ILI9341/poker.c:226:6:postBlinds	24	static
../Drivers/ILI9341/poker.c:236:6:createDeck	32	static
../Drivers/ILI9341/poker.c:264:6:shuffleDeck	56	static
../Drivers/ILI9341/poker.c:275:6:initializePlayers	24	static
../Drivers/ILI9341/poker.c:297:6:dealInitialCards	40	static
../Drivers/ILI9341/poker.c:308:6:dealCommunityCards	40	static
../Drivers/ILI9341/poker.c:316:6:displayPlayerStatus	192	static
../Drivers/ILI9341/poker.c:333:6:displayCommunityCards	136	static
../Drivers/ILI9341/poker.c:348:6:displayGameState	144	static
../Drivers/ILI9341/poker.c:367:8:getPlayerAction	40	static
../Drivers/ILI9341/poker.c:409:6:handlePlayerAction	48	static
../Drivers/ILI9341/poker.c:473:5:bettingRound	240	static
../Drivers/ILI9341/poker.c:554:6:getFullHand	32	static
../Drivers/ILI9341/poker.c:564:5:compareCards	16	static
../Drivers/ILI9341/poker.c:569:5:evaluateHand	336	static
../Drivers/ILI9341/poker.c:662:5:getHighestCard	24	static
../Drivers/ILI9341/poker.c:675:6:findWinner	488	static
../Drivers/ILI9341/poker.c:731:8:show_suggest	64	static
../Drivers/ILI9341/poker.c:749:6:playPokerGame	1680	dynamic
